Archive member included to satisfy reference by file (symbol)

c:/users/igorn/appdata/roaming/code/user/globalstorage/bmd.stm32-for-vscode/@xpack-dev-tools/arm-none-eabi-gcc/12.3.1-1.1.1/.content/bin/../lib/gcc/arm-none-eabi/12.3.1/../../../../arm-none-eabi/lib/thumb/v7e-m+fp/hard\libc_nano.a(libc_a-atexit.o)
                              c:/users/igorn/appdata/roaming/code/user/globalstorage/bmd.stm32-for-vscode/@xpack-dev-tools/arm-none-eabi-gcc/12.3.1-1.1.1/.content/bin/../lib/gcc/arm-none-eabi/12.3.1/../../../../arm-none-eabi/lib/thumb/v7e-m+fp/hard/crt0.o (atexit)
c:/users/igorn/appdata/roaming/code/user/globalstorage/bmd.stm32-for-vscode/@xpack-dev-tools/arm-none-eabi-gcc/12.3.1-1.1.1/.content/bin/../lib/gcc/arm-none-eabi/12.3.1/../../../../arm-none-eabi/lib/thumb/v7e-m+fp/hard\libc_nano.a(libc_a-exit.o)
                              c:/users/igorn/appdata/roaming/code/user/globalstorage/bmd.stm32-for-vscode/@xpack-dev-tools/arm-none-eabi-gcc/12.3.1-1.1.1/.content/bin/../lib/gcc/arm-none-eabi/12.3.1/../../../../arm-none-eabi/lib/thumb/v7e-m+fp/hard/crt0.o (exit)
c:/users/igorn/appdata/roaming/code/user/globalstorage/bmd.stm32-for-vscode/@xpack-dev-tools/arm-none-eabi-gcc/12.3.1-1.1.1/.content/bin/../lib/gcc/arm-none-eabi/12.3.1/../../../../arm-none-eabi/lib/thumb/v7e-m+fp/hard\libc_nano.a(libc_a-rand.o)
                              build/debug/NOS_WS2812B_Strip_Effects.o (rand)
c:/users/igorn/appdata/roaming/code/user/globalstorage/bmd.stm32-for-vscode/@xpack-dev-tools/arm-none-eabi-gcc/12.3.1-1.1.1/.content/bin/../lib/gcc/arm-none-eabi/12.3.1/../../../../arm-none-eabi/lib/thumb/v7e-m+fp/hard\libc_nano.a(libc_a-findfp.o)
                              c:/users/igorn/appdata/roaming/code/user/globalstorage/bmd.stm32-for-vscode/@xpack-dev-tools/arm-none-eabi-gcc/12.3.1-1.1.1/.content/bin/../lib/gcc/arm-none-eabi/12.3.1/../../../../arm-none-eabi/lib/thumb/v7e-m+fp/hard\libc_nano.a(libc_a-exit.o) (__stdio_exit_handler)
c:/users/igorn/appdata/roaming/code/user/globalstorage/bmd.stm32-for-vscode/@xpack-dev-tools/arm-none-eabi-gcc/12.3.1-1.1.1/.content/bin/../lib/gcc/arm-none-eabi/12.3.1/../../../../arm-none-eabi/lib/thumb/v7e-m+fp/hard\libc_nano.a(libc_a-fwalk.o)
                              c:/users/igorn/appdata/roaming/code/user/globalstorage/bmd.stm32-for-vscode/@xpack-dev-tools/arm-none-eabi-gcc/12.3.1-1.1.1/.content/bin/../lib/gcc/arm-none-eabi/12.3.1/../../../../arm-none-eabi/lib/thumb/v7e-m+fp/hard\libc_nano.a(libc_a-findfp.o) (_fwalk_sglue)
c:/users/igorn/appdata/roaming/code/user/globalstorage/bmd.stm32-for-vscode/@xpack-dev-tools/arm-none-eabi-gcc/12.3.1-1.1.1/.content/bin/../lib/gcc/arm-none-eabi/12.3.1/../../../../arm-none-eabi/lib/thumb/v7e-m+fp/hard\libc_nano.a(libc_a-stdio.o)
                              c:/users/igorn/appdata/roaming/code/user/globalstorage/bmd.stm32-for-vscode/@xpack-dev-tools/arm-none-eabi-gcc/12.3.1-1.1.1/.content/bin/../lib/gcc/arm-none-eabi/12.3.1/../../../../arm-none-eabi/lib/thumb/v7e-m+fp/hard\libc_nano.a(libc_a-findfp.o) (__sread)
c:/users/igorn/appdata/roaming/code/user/globalstorage/bmd.stm32-for-vscode/@xpack-dev-tools/arm-none-eabi-gcc/12.3.1-1.1.1/.content/bin/../lib/gcc/arm-none-eabi/12.3.1/../../../../arm-none-eabi/lib/thumb/v7e-m+fp/hard\libc_nano.a(libc_a-memset.o)
                              c:/users/igorn/appdata/roaming/code/user/globalstorage/bmd.stm32-for-vscode/@xpack-dev-tools/arm-none-eabi-gcc/12.3.1-1.1.1/.content/bin/../lib/gcc/arm-none-eabi/12.3.1/../../../../arm-none-eabi/lib/thumb/v7e-m+fp/hard/crt0.o (memset)
c:/users/igorn/appdata/roaming/code/user/globalstorage/bmd.stm32-for-vscode/@xpack-dev-tools/arm-none-eabi-gcc/12.3.1-1.1.1/.content/bin/../lib/gcc/arm-none-eabi/12.3.1/../../../../arm-none-eabi/lib/thumb/v7e-m+fp/hard\libc_nano.a(libc_a-closer.o)
                              c:/users/igorn/appdata/roaming/code/user/globalstorage/bmd.stm32-for-vscode/@xpack-dev-tools/arm-none-eabi-gcc/12.3.1-1.1.1/.content/bin/../lib/gcc/arm-none-eabi/12.3.1/../../../../arm-none-eabi/lib/thumb/v7e-m+fp/hard\libc_nano.a(libc_a-stdio.o) (_close_r)
c:/users/igorn/appdata/roaming/code/user/globalstorage/bmd.stm32-for-vscode/@xpack-dev-tools/arm-none-eabi-gcc/12.3.1-1.1.1/.content/bin/../lib/gcc/arm-none-eabi/12.3.1/../../../../arm-none-eabi/lib/thumb/v7e-m+fp/hard\libc_nano.a(libc_a-reent.o)
                              c:/users/igorn/appdata/roaming/code/user/globalstorage/bmd.stm32-for-vscode/@xpack-dev-tools/arm-none-eabi-gcc/12.3.1-1.1.1/.content/bin/../lib/gcc/arm-none-eabi/12.3.1/../../../../arm-none-eabi/lib/thumb/v7e-m+fp/hard\libc_nano.a(libc_a-closer.o) (errno)
c:/users/igorn/appdata/roaming/code/user/globalstorage/bmd.stm32-for-vscode/@xpack-dev-tools/arm-none-eabi-gcc/12.3.1-1.1.1/.content/bin/../lib/gcc/arm-none-eabi/12.3.1/../../../../arm-none-eabi/lib/thumb/v7e-m+fp/hard\libc_nano.a(libc_a-impure.o)
[...]
Memory Configuration

Name             Origin             Length             Attributes
RAM              0x20000000         0x00010000         xrw
RAM2             0x10000000         0x00004000         xrw
FLASH            0x08000000         0x00040000         xr
*default*        0x00000000         0xffffffff

Linker script and memory map

LOAD c:/users/igorn/appdata/roaming/code/user/globalstorage/bmd.stm32-for-vscode/@xpack-dev-tools/arm-none-eabi-gcc/12.3.1-1.1.1/.content/bin/../lib/gcc/arm-none-eabi/12.3.1/thumb/v7e-m+fp/hard/crti.o
LOAD c:/users/igorn/appdata/roaming/code/user/globalstorage/bmd.stm32-for-vscode/@xpack-dev-tools/arm-none-eabi-gcc/12.3.1-1.1.1/.content/bin/../lib/gcc/arm-none-eabi/12.3.1/thumb/v7e-m+fp/hard/crtbegin.o
LOAD c:/users/igorn/appdata/roaming/code/user/globalstorage/bmd.stm32-for-vscode/@xpack-dev-tools/arm-none-eabi-gcc/12.3.1-1.1.1/.content/bin/../lib/gcc/arm-none-eabi/12.3.1/../../../../arm-none-eabi/lib/thumb/v7e-m+fp/hard/crt0.o
LOAD build/debug/NOS_BaseColors.o
LOAD build/debug/NOS_Flash.o
LOAD build/debug/NOS_Math.o
LOAD build/debug/NOS_Strip_UART.o
LOAD build/debug/NOS_Time.o
LOAD build/debug/NOS_UART.o
LOAD build/debug/NOS_WS2812B_Strip.o
LOAD build/debug/NOS_WS2812B_Strip_Effects.o
LOAD build/debug/WS2812B_Effects.o
LOAD build/debug/WS2812b_Core.o
LOAD build/debug/main.o
LOAD build/debug/stm32l4xx_hal.o
LOAD build/debug/stm32l4xx_hal_cortex.o
LOAD build/debug/stm32l4xx_hal_dma.o
LOAD build/debug/stm32l4xx_hal_dma_ex.o
LOAD build/debug/stm32l4xx_hal_exti.o
LOAD build/debug/stm32l4xx_hal_flash.o
LOAD build/debug/stm32l4xx_hal_flash_ex.o
LOAD build/debug/stm32l4xx_hal_flash_ramfunc.o
LOAD build/debug/stm32l4xx_hal_gpio.o
LOAD build/debug/stm32l4xx_hal_msp.o
LOAD build/debug/stm32l4xx_hal_pwr.o
LOAD build/debug/stm32l4xx_hal_pwr_ex.o
LOAD build/debug/stm32l4xx_hal_rcc.o
LOAD build/debug/stm32l4xx_hal_rcc_ex.o
LOAD build/debug/stm32l4xx_hal_spi.o
LOAD build/debug/stm32l4xx_hal_spi_ex.o
LOAD build/debug/stm32l4xx_hal_tim.o
LOAD build/debug/stm32l4xx_hal_tim_ex.o
LOAD build/debug/stm32l4xx_hal_uart.o
LOAD build/debug/stm32l4xx_hal_uart_ex.o
LOAD build/debug/stm32l4xx_it.o
LOAD build/debug/system_stm32l4xx.o
LOAD build/debug/startup_stm32l433xx.o
LOAD c:/users/igorn/appdata/roaming/code/user/globalstorage/bmd.stm32-for-vscode/@xpack-dev-tools/arm-none-eabi-gcc/12.3.1-1.1.1/.content/bin/../lib/gcc/arm-none-eabi/12.3.1/../../../../arm-none-eabi/lib/thumb/v7e-m+fp/hard\libc_nano.a
LOAD c:/users/igorn/appdata/roaming/code/user/globalstorage/bmd.stm32-for-vscode/@xpack-dev-tools/arm-none-eabi-gcc/12.3.1-1.1.1/.content/bin/../lib/gcc/arm-none-eabi/12.3.1/../../../../arm-none-eabi/lib/thumb/v7e-m+fp/hard\libm.a
LOAD c:/users/igorn/appdata/roaming/code/user/globalstorage/bmd.stm32-for-vscode/@xpack-dev-tools/arm-none-eabi-gcc/12.3.1-1.1.1/.content/bin/../lib/gcc/arm-none-eabi/12.3.1/../../../../arm-none-eabi/lib/thumb/v7e-m+fp/hard\libnosys.a
START GROUP
LOAD c:/users/igorn/appdata/roaming/code/user/globalstorage/bmd.stm32-for-vscode/@xpack-dev-tools/arm-none-eabi-gcc/12.3.1-1.1.1/.content/bin/../lib/gcc/arm-none-eabi/12.3.1/thumb/v7e-m+fp/hard\libgcc.a
LOAD c:/users/igorn/appdata/roaming/code/user/globalstorage/bmd.stm32-for-vscode/@xpack-dev-tools/arm-none-eabi-gcc/12.3.1-1.1.1/.content/bin/../lib/gcc/arm-none-eabi/12.3.1/../../../../arm-none-eabi/lib/thumb/v7e-m+fp/hard\libc_nano.a
END GROUP
START GROUP
LOAD c:/users/igorn/appdata/roaming/code/user/globalstorage/bmd.stm32-for-vscode/@xpack-dev-tools/arm-none-eabi-gcc/12.3.1-1.1.1/.content/bin/../lib/gcc/arm-none-eabi/12.3.1/thumb/v7e-m+fp/hard\libgcc.a
LOAD c:/users/igorn/appdata/roaming/code/user/globalstorage/bmd.stm32-for-vscode/@xpack-dev-tools/arm-none-eabi-gcc/12.3.1-1.1.1/.content/bin/../lib/gcc/arm-none-eabi/12.3.1/../../../../arm-none-eabi/lib/thumb/v7e-m+fp/hard\libc_nano.a
END GROUP
LOAD c:/users/igorn/appdata/roaming/code/user/globalstorage/bmd.stm32-for-vscode/@xpack-dev-tools/arm-none-eabi-gcc/12.3.1-1.1.1/.content/bin/../lib/gcc/arm-none-eabi/12.3.1/thumb/v7e-m+fp/hard/crtend.o
LOAD c:/users/igorn/appdata/roaming/code/user/globalstorage/bmd.stm32-for-vscode/@xpack-dev-tools/arm-none-eabi-gcc/12.3.1-1.1.1/.content/bin/../lib/gcc/arm-none-eabi/12.3.1/thumb/v7e-m+fp/hard/crtn.o
                0x20010000                        _estack = (ORIGIN (RAM) + LENGTH (RAM))
                0x00000200                        _Min_Heap_Size = 0x200
                0x00000400                        _Min_Stack_Size = 0x400

.isr_vector     0x08000000      0x190
                0x08000000                        . = ALIGN (0x8)
 *(.isr_vector)
 .isr_vector    0x08000000      0x18c build/debug/startup_stm32l433xx.o
                0x08000000                g_pfnVectors
                0x08000190                        . = ALIGN (0x8)
 *fill*         0x0800018c        0x4 

.text           0x08000190     0x8a00
                0x08000190                        . = ALIGN (0x8)
 *(.text)
 .text          0x08000190       0xa0 c:/users/igorn/appdata/roaming/code/user/globalstorage/bmd.stm32-for-vscode/@xpack-dev-tools/arm-none-eabi-gcc/12.3.1-1.1.1/.content/bin/../lib/gcc/arm-none-eabi/12.3.1/../../../../arm-none-eabi/lib/thumb/v7e-m+fp/hard\libc_nano.a(libc_a-memchr.o)
                0x08000190                memchr
 .text          0x08000230      0x378 c:/users/igorn/appdata/roaming/code/user/globalstorage/bmd.stm32-for-vscode/@xpack-dev-tools/arm-none-eabi-gcc/12.3.1-1.1.1/.content/bin/../lib/gcc/arm-none-eabi/12.3.1/thumb/v7e-m+fp/hard\libgcc.a(_arm_addsubdf3.o)
                0x08000230                __aeabi_drsub
                0x08000238                __aeabi_dsub
                0x08000238                __subdf3
                0x0800023c                __aeabi_dadd
                0x0800023c                __adddf3
                0x080004b4                __floatunsidf
                0x080004b4                __aeabi_ui2d
                0x080004d4                __floatsidf
                0x080004d4                __aeabi_i2d
                0x080004f8                __aeabi_f2d
                0x080004f8                __extendsfdf2
                0x0800053c                __floatundidf
                0x0800053c                __aeabi_ul2d
                0x0800054c                __floatdidf
                0x0800054c                __aeabi_l2d
 .text          0x080005a8      0x424 c:/users/igorn/appdata/roaming/code/user/globalstorage/bmd.stm32-for-vscode/@xpack-dev-tools/arm-none-eabi-gcc/12.3.1-1.1.1/.content/bin/../lib/gcc/arm-none-eabi/12.3.1/thumb/v7e-m+fp/hard\libgcc.a(_arm_muldivdf3.o)
                0x080005a8                __aeabi_dmul
                0x080005a8                __muldf3
                0x080007fc                __divdf3
                0x080007fc                __aeabi_ddiv
 .text          0x080009cc      0x110 c:/users/igorn/appdata/roaming/code/user/globalstorage/bmd.stm32-for-vscode/@xpack-dev-tools/arm-none-eabi-gcc/12.3.1-1.1.1/.content/bin/../lib/gcc/arm-none-eabi/12.3.1/thumb/v7e-m+fp/hard\libgcc.a(_arm_cmpdf2.o)
                0x080009cc                __gtdf2
                0x080009cc                __gedf2
                0x080009d4                __ltdf2
                0x080009d4                __ledf2
                0x080009dc                __nedf2
                0x080009dc                __eqdf2
                0x080009dc                __cmpdf2
                0x08000a58                __aeabi_cdrcmple
                0x08000a68                __aeabi_cdcmpeq
                0x08000a68                __aeabi_cdcmple
                0x08000a78                __aeabi_dcmpeq
                0x08000a8c                __aeabi_dcmplt
                0x08000aa0                __aeabi_dcmple
                0x08000ab4                __aeabi_dcmpge
                0x08000ac8                __aeabi_dcmpgt
 .text          0x08000adc       0x2c c:/users/igorn/appdata/roaming/code/user/globalstorage/bmd.stm32-for-vscode/@xpack-dev-tools/arm-none-eabi-gcc/12.3.1-1.1.1/.content/bin/../lib/gcc/arm-none-eabi/12.3.1/thumb/v7e-m+fp/hard\libgcc.a(_arm_unorddf2.o)
                0x08000adc                __unorddf2
                0x08000adc                __aeabi_dcmpun
 .text          0x08000b08       0x50 c:/users/igorn/appdata/roaming/code/user/globalstorage/bmd.stm32-for-vscode/@xpack-dev-tools/arm-none-eabi-gcc/12.3.1-1.1.1/.content/bin/../lib/gcc/arm-none-eabi/12.3.1/thumb/v7e-m+fp/hard\libgcc.a(_arm_fixdfsi.o)
                0x08000b08                __aeabi_d2iz
                0x08000b08                __fixdfsi
 .text          0x08000b58       0x30 c:/users/igorn/appdata/roaming/code/user/globalstorage/bmd.stm32-for-vscode/@xpack-dev-tools/arm-none-eabi-gcc/12.3.1-1.1.1/.content/bin/../lib/gcc/arm-none-eabi/12.3.1/thumb/v7e-m+fp/hard\libgcc.a(_aeabi_uldivmod.o)
                0x08000b58                __aeabi_uldivmod
 .text          0x08000b88        0x4 c:/users/igorn/appdata/roaming/code/user/globalstorage/bmd.stm32-for-vscode/@xpack-dev-tools/arm-none-eabi-gcc/12.3.1-1.1.1/.content/bin/../lib/gcc/arm-none-eabi/12.3.1/thumb/v7e-m+fp/hard\libgcc.a(_dvmd_tls.o)
                0x08000b88                __aeabi_idiv0
                0x08000b88                __aeabi_ldiv0
 *(.text*)
 .text.__do_global_dtors_aux
                0x08000b8c       0x24 c:/users/igorn/appdata/roaming/code/user/globalstorage/bmd.stm32-for-vscode/@xpack-dev-tools/arm-none-eabi-gcc/12.3.1-1.1.1/.content/bin/../lib/gcc/arm-none-eabi/12.3.1/thumb/v7e-m+fp/hard/crtbegin.o
 .text.frame_dummy
                0x08000bb0       0x1c c:/users/igorn/appdata/roaming/code/user/globalstorage/bmd.stm32-for-vscode/@xpack-dev-tools/arm-none-eabi-gcc/12.3.1-1.1.1/.content/bin/../lib/gcc/arm-none-eabi/12.3.1/thumb/v7e-m+fp/hard/crtbegin.o
 .text.NOS_PixelColor_SetColor
                0x08000bcc        0x8 build/debug/NOS_BaseColors.o
                0x08000bcc                NOS_PixelColor_SetColor
 .text.NOS_GetBaseColor
                0x08000bd4       0xf8 build/debug/NOS_BaseColors.o
                0x08000bd4                NOS_GetBaseColor
 .text.NOS_Math_GetSinValue
                0x08000ccc        0x4 build/debug/NOS_Math.o
                0x08000ccc                NOS_Math_GetSinValue
 .text.NOS_Math_SinValue_Handler
                0x08000cd0       0x3c build/debug/NOS_Math.o
                0x08000cd0                NOS_Math_SinValue_Handler
 .text.NOS_Math_SinValue_Init
                0x08000d0c       0x12 build/debug/NOS_Math.o
                0x08000d0c                NOS_Math_SinValue_Init
 .text.NOS_Strip_UART_ParseCommand
                0x08000d1e      0x490 build/debug/NOS_Strip_UART.o
                0x08000d1e                NOS_Strip_UART_ParseCommand
 .text.getRainbowStageFromColor
                0x080011ae      0x128 build/debug/NOS_Strip_UART.o
                0x080011ae                getRainbowStageFromColor
 *fill*         0x080012d6        0x2 
 .text.getU16ParamFromString
                0x080012d8       0x60 build/debug/NOS_Strip_UART.o
                0x080012d8                getU16ParamFromString
 .text.getHex   0x08001338       0x42 build/debug/NOS_Strip_UART.o
                0x08001338                getHex
 .text.getPixelColorFromString
                0x0800137a       0xda build/debug/NOS_Strip_UART.o
                0x0800137a                getPixelColorFromString
 .text.isEqualStrings
                0x08001454       0x2a build/debug/NOS_Strip_UART.o
                0x08001454                isEqualStrings
 *fill*         0x0800147e        0x2 
 .text.NOS_Strip_UART_ParseStringCommand
                0x08001480      0x548 build/debug/NOS_Strip_UART.o
                0x08001480                NOS_Strip_UART_ParseStringCommand
 .text.NOS_TimeEvent_Init
                0x080019c8        0xe build/debug/NOS_Time.o
                0x080019c8                NOS_TimeEvent_Init
 .text.NOS_TimeEvent_TickHandler
                0x080019d6       0x16 build/debug/NOS_Time.o
                0x080019d6                NOS_TimeEvent_TickHandler
 .text.NOS_TimeEvent_Check
                0x080019ec        0xe build/debug/NOS_Time.o
                0x080019ec                NOS_TimeEvent_Check
 .text.NOS_TimeEvent_FinishEvent
                0x080019fa        0x8 build/debug/NOS_Time.o
                0x080019fa                NOS_TimeEvent_FinishEvent
 .text.NOS_UART_ReceiveReset
                0x08001a02       0x22 build/debug/NOS_UART.o
                0x08001a02                NOS_UART_ReceiveReset
 .text.NOS_UART_ReceiveAbort
                0x08001a24       0x50 build/debug/NOS_UART.o
                0x08001a24                NOS_UART_ReceiveAbort
 .text.NOS_UART_Timer_Handler
                0x08001a74       0x34 build/debug/NOS_UART.o
                0x08001a74                NOS_UART_Timer_Handler
 .text.GetCRC16
                0x08001aa8       0x3a build/debug/NOS_UART.o
                0x08001aa8                GetCRC16
 .text.NOS_UART_ReceiveHandler
                0x08001ae2       0x40 build/debug/NOS_UART.o
                0x08001ae2                NOS_UART_ReceiveHandler
 .text.NOS_UART_ParsePacket
                0x08001b22       0xc4 build/debug/NOS_UART.o
                0x08001b22                NOS_UART_ParsePacket
 .text.NOS_UART_PacketApprovedNotice
                0x08001be6       0xa6 build/debug/NOS_UART.o
                0x08001be6                NOS_UART_PacketApprovedNotice
 .text.NOS_UART_CheckReceive
                0x08001c8c        0x6 build/debug/NOS_UART.o
                0x08001c8c                NOS_UART_CheckReceive
 .text.NOS_UART_EndReceive
                0x08001c92        0x8 build/debug/NOS_UART.o
                0x08001c92                NOS_UART_EndReceive
 .text.NOS_WS2812B_Strip_FullInit
                0x08001c9a       0x12 build/debug/NOS_WS2812B_Strip.o
                0x08001c9a                NOS_WS2812B_Strip_FullInit
 .text.NOS_WS2812B_Strip_CoreSetPixel
                0x08001cac       0x26 build/debug/NOS_WS2812B_Strip.o
                0x08001cac                NOS_WS2812B_Strip_CoreSetPixel
 .text.NOS_WS2812B_Strip_SetPixel
                0x08001cd2       0x26 build/debug/NOS_WS2812B_Strip.o
                0x08001cd2                NOS_WS2812B_Strip_SetPixel
 .text.NOS_WS2812B_Strip_Clear
                0x08001cf8       0x34 build/debug/NOS_WS2812B_Strip.o
                0x08001cf8                NOS_WS2812B_Strip_Clear
 .text.NOS_WS2812B_Strip_Update
                0x08001d2c       0x94 build/debug/NOS_WS2812B_Strip.o
                0x08001d2c                NOS_WS2812B_Strip_Update
 .text.NOS_WS2812B_Strip_ColorFill
                0x08001dc0       0x2e build/debug/NOS_WS2812B_Strip.o
                0x08001dc0                NOS_WS2812B_Strip_ColorFill
 .text.NOS_WS2812B_Strip_SetPixelByPixelColor
                0x08001dee       0x1e build/debug/NOS_WS2812B_Strip.o
                0x08001dee                NOS_WS2812B_Strip_SetPixelByPixelColor
 .text.NOS_WS2812B_Strip_SetBright
                0x08001e0c        0x4 build/debug/NOS_WS2812B_Strip.o
                0x08001e0c                NOS_WS2812B_Strip_SetBright
 .text.NOS_WS2812B_Strip_Effect_Init
                0x08001e10       0x74 build/debug/NOS_WS2812B_Strip_Effects.o
                0x08001e10                NOS_WS2812B_Strip_Effect_Init
 .text.NOS_WS2812B_Strip_Effects_AddEffect
                0x08001e84      0x1a6 build/debug/NOS_WS2812B_Strip_Effects.o
                0x08001e84                NOS_WS2812B_Strip_Effects_AddEffect
 .text.NOS_WS2812B_Strip_Effects_UpdateEffect
                0x0800202a      0x17c build/debug/NOS_WS2812B_Strip_Effects.o
                0x0800202a                NOS_WS2812B_Strip_Effects_UpdateEffect
 .text.NOS_WS2812B_Strip_Effect_Copy
                0x080021a6       0x46 build/debug/NOS_WS2812B_Strip_Effects.o
                0x080021a6                NOS_WS2812B_Strip_Effect_Copy
 .text.NOS_WS2812B_Strip_Effect_Breathe_Handler
                0x080021ec       0x3c build/debug/NOS_WS2812B_Strip_Effects.o
                0x080021ec                NOS_WS2812B_Strip_Effect_Breathe_Handler
 .text.NOS_WS2812B_Strip_Effect_Rainbow_Handler
                0x08002228      0x210 build/debug/NOS_WS2812B_Strip_Effects.o
                0x08002228                NOS_WS2812B_Strip_Effect_Rainbow_Handler
 .text.NOS_WS2812B_Strip_Effect_Dots_Handler
                0x08002438      0x158 build/debug/NOS_WS2812B_Strip_Effects.o
                0x08002438                NOS_WS2812B_Strip_Effect_Dots_Handler
 .text.NOS_WS2812B_Strip_Effect_Walking_Pixels_Handler
                0x08002590       0x6a build/debug/NOS_WS2812B_Strip_Effects.o
                0x08002590                NOS_WS2812B_Strip_Effect_Walking_Pixels_Handler
 .text.NOS_WS2812B_Strip_Effect_Steady_Color_Handler
                0x080025fa       0x1e build/debug/NOS_WS2812B_Strip_Effects.o
                0x080025fa                NOS_WS2812B_Strip_Effect_Steady_Color_Handler
 .text.NOS_WS2812B_Strip_Effects_Handler
                0x08002618       0x98 build/debug/NOS_WS2812B_Strip_Effects.o
                0x08002618                NOS_WS2812B_Strip_Effects_Handler
 .text.visInit  0x080026b0       0x50 build/debug/WS2812B_Effects.o
                0x080026b0                visInit
 .text.visHandle
                0x08002700       0x20 build/debug/WS2812B_Effects.o
                0x08002700                visHandle
 .text.ws2812b_set_pixel
                0x08002720       0xc4 build/debug/WS2812b_Core.o
 .text.loadNextFramebufferData
                0x080027e4       0x34 build/debug/WS2812b_Core.o
 .text.DMA_TransferCompleteHandler
                0x08002818       0x9c build/debug/WS2812b_Core.o
                0x08002818                DMA_TransferCompleteHandler
 .text.WS2812_sendbuf
                0x080028b4      0x104 build/debug/WS2812b_Core.o
 .text.DMA_TransferHalfHandler
                0x080029b8       0x40 build/debug/WS2812b_Core.o
                0x080029b8                DMA_TransferHalfHandler
 .text.ws2812b_gpio_init
                0x080029f8       0x3c build/debug/WS2812b_Core.o
 .text.DMA_init
                0x08002a34      0x138 build/debug/WS2812b_Core.o
 .text.TIM2_init
                0x08002b6c       0xd8 build/debug/WS2812b_Core.o
 .text.DMA1_Channel2_IRQHandler
                0x08002c44       0x10 build/debug/WS2812b_Core.o
                0x08002c44                DMA1_Channel2_IRQHandler
 .text.DMA1_Channel5_IRQHandler
                0x08002c54       0x10 build/debug/WS2812b_Core.o
                0x08002c54                DMA1_Channel5_IRQHandler
 .text.DMA1_Channel7_IRQHandler
                0x08002c64       0x10 build/debug/WS2812b_Core.o
                0x08002c64                DMA1_Channel7_IRQHandler
 .text.TIM2_IRQHandler
                0x08002c74       0x10 build/debug/WS2812b_Core.o
                0x08002c74                TIM2_IRQHandler
 .text.HAL_TIM_PeriodElapsedCallback
                0x08002c84       0x5c build/debug/WS2812b_Core.o
                0x08002c84                HAL_TIM_PeriodElapsedCallback
 .text.ws2812b_init
                0x08002ce0       0x1c build/debug/WS2812b_Core.o
                0x08002ce0                ws2812b_init
 .text.ws2812b_handle
                0x08002cfc       0x20 build/debug/WS2812b_Core.o
                0x08002cfc                ws2812b_handle
 .text.MX_GPIO_Init
                0x08002d1c       0x88 build/debug/main.o
 .text.MX_DMA_Init
                0x08002da4       0x54 build/debug/main.o
 .text.HAL_UART_RxCpltCallback
                0x08002df8       0x4c build/debug/main.o
                0x08002df8                HAL_UART_RxCpltCallback
 .text.Error_Handler
                0x08002e44        0x4 build/debug/main.o
                0x08002e44                Error_Handler
 .text.MX_SPI2_Init
                0x08002e48       0x48 build/debug/main.o
 .text.MX_USART1_UART_Init
                0x08002e90       0x38 build/debug/main.o
 .text.MX_USART2_UART_Init
                0x08002ec8       0x38 build/debug/main.o
 .text.MX_TIM2_Init
                0x08002f00       0x84 build/debug/main.o
 .text.MX_TIM1_Init
                0x08002f84       0xb4 build/debug/main.o
 .text.SystemClock_Config
                0x08003038       0x78 build/debug/main.o
                0x08003038                SystemClock_Config
 .text.main     0x080030b0      0x6bc build/debug/main.o
                0x080030b0                main
 .text.HAL_InitTick
                0x0800376c       0x50 build/debug/stm32l4xx_hal.o
                0x0800376c                HAL_InitTick
 .text.HAL_Init
                0x080037bc       0x1e build/debug/stm32l4xx_hal.o
                0x080037bc                HAL_Init
 *fill*         0x080037da        0x2 
 .text.HAL_IncTick
                0x080037dc       0x18 build/debug/stm32l4xx_hal.o
                0x080037dc                HAL_IncTick
 .text.HAL_GetTick
                0x080037f4        0xc build/debug/stm32l4xx_hal.o
                0x080037f4                HAL_GetTick
 .text.__NVIC_EnableIRQ
                0x08003800       0x1c build/debug/stm32l4xx_hal_cortex.o
 .text.__NVIC_SetPriority
                0x0800381c       0x28 build/debug/stm32l4xx_hal_cortex.o
 .text.NVIC_EncodePriority
                0x08003844       0x3e build/debug/stm32l4xx_hal_cortex.o
 *fill*         0x08003882        0x2 
 .text.HAL_NVIC_SetPriorityGrouping
                0x08003884       0x24 build/debug/stm32l4xx_hal_cortex.o
                0x08003884                HAL_NVIC_SetPriorityGrouping
 .text.HAL_NVIC_SetPriority
                0x080038a8       0x20 build/debug/stm32l4xx_hal_cortex.o
                0x080038a8                HAL_NVIC_SetPriority
 .text.HAL_NVIC_EnableIRQ
                0x080038c8        0x8 build/debug/stm32l4xx_hal_cortex.o
                0x080038c8                HAL_NVIC_EnableIRQ
 .text.HAL_SYSTICK_Config
                0x080038d0       0x28 build/debug/stm32l4xx_hal_cortex.o
                0x080038d0                HAL_SYSTICK_Config
 .text.DMA_SetConfig
                0x080038f8       0x32 build/debug/stm32l4xx_hal_dma.o
 *fill*         0x0800392a        0x2 
 .text.HAL_DMA_Init
                0x0800392c      0x108 build/debug/stm32l4xx_hal_dma.o
                0x0800392c                HAL_DMA_Init
 .text.HAL_DMA_Start
                0x08003a34       0x52 build/debug/stm32l4xx_hal_dma.o
                0x08003a34                HAL_DMA_Start
 .text.HAL_DMA_Start_IT
                0x08003a86       0x76 build/debug/stm32l4xx_hal_dma.o
                0x08003a86                HAL_DMA_Start_IT
 .text.HAL_DMA_Abort
                0x08003afc       0x4a build/debug/stm32l4xx_hal_dma.o
                0x08003afc                HAL_DMA_Abort
 .text.HAL_DMA_Abort_IT
                0x08003b46       0x50 build/debug/stm32l4xx_hal_dma.o
                0x08003b46                HAL_DMA_Abort_IT
 .text.HAL_DMA_IRQHandler
                0x08003b96       0xc4 build/debug/stm32l4xx_hal_dma.o
                0x08003b96                HAL_DMA_IRQHandler
 *fill*         0x08003c5a        0x2 
 .text.HAL_GPIO_Init
                0x08003c5c      0x1c8 build/debug/stm32l4xx_hal_gpio.o
                0x08003c5c                HAL_GPIO_Init
 .text.HAL_GPIO_WritePin
                0x08003e24        0xa build/debug/stm32l4xx_hal_gpio.o
                0x08003e24                HAL_GPIO_WritePin
 .text.HAL_GPIO_TogglePin
                0x08003e2e       0x12 build/debug/stm32l4xx_hal_gpio.o
                0x08003e2e                HAL_GPIO_TogglePin
 .text.HAL_MspInit
                0x08003e40       0x30 build/debug/stm32l4xx_hal_msp.o
                0x08003e40                HAL_MspInit
 .text.HAL_SPI_MspInit
                0x08003e70       0x6c build/debug/stm32l4xx_hal_msp.o
                0x08003e70                HAL_SPI_MspInit
 .text.HAL_TIM_OC_MspInit
                0x08003edc       0x2c build/debug/stm32l4xx_hal_msp.o
                0x08003edc                HAL_TIM_OC_MspInit
 .text.HAL_TIM_PWM_MspInit
                0x08003f08      0x110 build/debug/stm32l4xx_hal_msp.o
                0x08003f08                HAL_TIM_PWM_MspInit
 .text.HAL_UART_MspInit
                0x08004018      0x10c build/debug/stm32l4xx_hal_msp.o
                0x08004018                HAL_UART_MspInit
 .text.HAL_PWREx_GetVoltageRange
                0x08004124       0x10 build/debug/stm32l4xx_hal_pwr_ex.o
                0x08004124                HAL_PWREx_GetVoltageRange
 .text.HAL_PWREx_ControlVoltageScaling
                0x08004134       0x90 build/debug/stm32l4xx_hal_pwr_ex.o
                0x08004134                HAL_PWREx_ControlVoltageScaling
 .text.RCC_SetFlashLatencyFromMSIRange
                0x080041c4       0x90 build/debug/stm32l4xx_hal_rcc.o
 .text.HAL_RCC_GetSysClockFreq
                0x08004254       0xb4 build/debug/stm32l4xx_hal_rcc.o
                0x08004254                HAL_RCC_GetSysClockFreq
 .text.HAL_RCC_OscConfig
                0x08004308      0x66c build/debug/stm32l4xx_hal_rcc.o
                0x08004308                HAL_RCC_OscConfig
 .text.HAL_RCC_ClockConfig
                0x08004974      0x188 build/debug/stm32l4xx_hal_rcc.o
                0x08004974                HAL_RCC_ClockConfig
 .text.HAL_RCC_GetHCLKFreq
                0x08004afc        0xc build/debug/stm32l4xx_hal_rcc.o
                0x08004afc                HAL_RCC_GetHCLKFreq
 .text.HAL_RCC_GetPCLK1Freq
                0x08004b08       0x24 build/debug/stm32l4xx_hal_rcc.o
                0x08004b08                HAL_RCC_GetPCLK1Freq
 .text.HAL_RCC_GetPCLK2Freq
                0x08004b2c       0x24 build/debug/stm32l4xx_hal_rcc.o
                0x08004b2c                HAL_RCC_GetPCLK2Freq
 .text.RCCEx_PLLSAI1_Config
                0x08004b50      0x16c build/debug/stm32l4xx_hal_rcc_ex.o
 .text.HAL_RCCEx_PeriphCLKConfig
                0x08004cbc      0x364 build/debug/stm32l4xx_hal_rcc_ex.o
                0x08004cbc                HAL_RCCEx_PeriphCLKConfig
 .text.HAL_SPI_Init
                0x08005020       0xde build/debug/stm32l4xx_hal_spi.o
                0x08005020                HAL_SPI_Init
 *fill*         0x080050fe        0x2 
 .text.TIM_OC1_SetConfig
                0x08005100       0x7c build/debug/stm32l4xx_hal_tim.o
 .text.TIM_OC3_SetConfig
                0x0800517c       0x70 build/debug/stm32l4xx_hal_tim.o
 .text.TIM_OC4_SetConfig
                0x080051ec       0x5c build/debug/stm32l4xx_hal_tim.o
 .text.TIM_OC5_SetConfig
                0x08005248       0x58 build/debug/stm32l4xx_hal_tim.o
 .text.TIM_OC6_SetConfig
                0x080052a0       0x5c build/debug/stm32l4xx_hal_tim.o
 .text.HAL_TIM_Base_Start
                0x080052fc       0x64 build/debug/stm32l4xx_hal_tim.o
                0x080052fc                HAL_TIM_Base_Start
 .text.HAL_TIM_OC_DelayElapsedCallback
                0x08005360        0x2 build/debug/stm32l4xx_hal_tim.o
                0x08005360                HAL_TIM_OC_DelayElapsedCallback
 .text.HAL_TIM_IC_CaptureCallback
                0x08005362        0x2 build/debug/stm32l4xx_hal_tim.o
                0x08005362                HAL_TIM_IC_CaptureCallback
 .text.HAL_TIM_PWM_PulseFinishedCallback
                0x08005364        0x2 build/debug/stm32l4xx_hal_tim.o
                0x08005364                HAL_TIM_PWM_PulseFinishedCallback
 .text.HAL_TIM_TriggerCallback
                0x08005366        0x2 build/debug/stm32l4xx_hal_tim.o
                0x08005366                HAL_TIM_TriggerCallback
 .text.HAL_TIM_IRQHandler
                0x08005368      0x17a build/debug/stm32l4xx_hal_tim.o
                0x08005368                HAL_TIM_IRQHandler
 *fill*         0x080054e2        0x2 
 .text.TIM_Base_SetConfig
                0x080054e4       0x80 build/debug/stm32l4xx_hal_tim.o
                0x080054e4                TIM_Base_SetConfig
 .text.HAL_TIM_OC_Init
                0x08005564       0x60 build/debug/stm32l4xx_hal_tim.o
                0x08005564                HAL_TIM_OC_Init
 .text.HAL_TIM_PWM_Init
                0x080055c4       0x60 build/debug/stm32l4xx_hal_tim.o
                0x080055c4                HAL_TIM_PWM_Init
 .text.TIM_OC2_SetConfig
                0x08005624       0x74 build/debug/stm32l4xx_hal_tim.o
                0x08005624                TIM_OC2_SetConfig
 .text.HAL_TIM_OC_ConfigChannel
                0x08005698       0x7a build/debug/stm32l4xx_hal_tim.o
                0x08005698                HAL_TIM_OC_ConfigChannel
 .text.HAL_TIM_PWM_ConfigChannel
                0x08005712      0x13a build/debug/stm32l4xx_hal_tim.o
                0x08005712                HAL_TIM_PWM_ConfigChannel
 .text.TIM_CCxChannelCmd
                0x0800584c       0x1e build/debug/stm32l4xx_hal_tim.o
                0x0800584c                TIM_CCxChannelCmd
 *fill*         0x0800586a        0x2 
 .text.HAL_TIM_PWM_Start
                0x0800586c      0x138 build/debug/stm32l4xx_hal_tim.o
                0x0800586c                HAL_TIM_PWM_Start
 .text.HAL_TIMEx_MasterConfigSynchronization
                0x080059a4       0x70 build/debug/stm32l4xx_hal_tim_ex.o
                0x080059a4                HAL_TIMEx_MasterConfigSynchronization
 .text.HAL_TIMEx_ConfigBreakDeadTime
                0x08005a14       0x88 build/debug/stm32l4xx_hal_tim_ex.o
                0x08005a14                HAL_TIMEx_ConfigBreakDeadTime
 .text.HAL_TIMEx_CommutCallback
                0x08005a9c        0x2 build/debug/stm32l4xx_hal_tim_ex.o
                0x08005a9c                HAL_TIMEx_CommutCallback
 .text.HAL_TIMEx_BreakCallback
                0x08005a9e        0x2 build/debug/stm32l4xx_hal_tim_ex.o
                0x08005a9e                HAL_TIMEx_BreakCallback
 .text.HAL_TIMEx_Break2Callback
                0x08005aa0        0x2 build/debug/stm32l4xx_hal_tim_ex.o
                0x08005aa0                HAL_TIMEx_Break2Callback
 .text.UART_EndRxTransfer
                0x08005aa2       0x52 build/debug/stm32l4xx_hal_uart.o
 .text.HAL_UART_TxCpltCallback
                0x08005af4        0x2 build/debug/stm32l4xx_hal_uart.o
                0x08005af4                HAL_UART_TxCpltCallback
 .text.UART_EndTransmit_IT
                0x08005af6       0x22 build/debug/stm32l4xx_hal_uart.o
 .text.HAL_UART_ErrorCallback
                0x08005b18        0x2 build/debug/stm32l4xx_hal_uart.o
                0x08005b18                HAL_UART_ErrorCallback
 .text.UART_DMAAbortOnError
                0x08005b1a       0x14 build/debug/stm32l4xx_hal_uart.o
 .text.HAL_UARTEx_RxEventCallback
                0x08005b2e        0x2 build/debug/stm32l4xx_hal_uart.o
                0x08005b2e                HAL_UARTEx_RxEventCallback
 .text.HAL_UART_IRQHandler
                0x08005b30      0x308 build/debug/stm32l4xx_hal_uart.o
                0x08005b30                HAL_UART_IRQHandler
 .text.UART_RxISR_8BIT
                0x08005e38       0xdc build/debug/stm32l4xx_hal_uart.o
 .text.UART_RxISR_16BIT
                0x08005f14       0xdc build/debug/stm32l4xx_hal_uart.o
 .text.UART_SetConfig
                0x08005ff0      0x2a0 build/debug/stm32l4xx_hal_uart.o
                0x08005ff0                UART_SetConfig
 .text.UART_AdvFeatureConfig
                0x08006290       0xca build/debug/stm32l4xx_hal_uart.o
                0x08006290                UART_AdvFeatureConfig
 .text.UART_WaitOnFlagUntilTimeout
                0x0800635a       0x9e build/debug/stm32l4xx_hal_uart.o
                0x0800635a                UART_WaitOnFlagUntilTimeout
 .text.HAL_UART_Transmit
                0x080063f8       0xc8 build/debug/stm32l4xx_hal_uart.o
                0x080063f8                HAL_UART_Transmit
 .text.UART_CheckIdleState
                0x080064c0       0xc6 build/debug/stm32l4xx_hal_uart.o
                0x080064c0                UART_CheckIdleState
 .text.HAL_UART_Init
                0x08006586       0x62 build/debug/stm32l4xx_hal_uart.o
                0x08006586                HAL_UART_Init
 .text.UART_Start_Receive_IT
                0x080065e8       0xd4 build/debug/stm32l4xx_hal_uart.o
                0x080065e8                UART_Start_Receive_IT
 .text.HAL_UART_Receive_IT
                0x080066bc       0x4c build/debug/stm32l4xx_hal_uart.o
                0x080066bc                HAL_UART_Receive_IT
 .text.HAL_UARTEx_WakeupCallback
                0x08006708        0x2 build/debug/stm32l4xx_hal_uart_ex.o
                0x08006708                HAL_UARTEx_WakeupCallback
 .text.NMI_Handler
                0x0800670a        0x2 build/debug/stm32l4xx_it.o
                0x0800670a                NMI_Handler
 .text.HardFault_Handler
                0x0800670c        0x2 build/debug/stm32l4xx_it.o
                0x0800670c                HardFault_Handler
 .text.MemManage_Handler
                0x0800670e        0x2 build/debug/stm32l4xx_it.o
                0x0800670e                MemManage_Handler
 .text.BusFault_Handler
                0x08006710        0x2 build/debug/stm32l4xx_it.o
                0x08006710                BusFault_Handler
 .text.UsageFault_Handler
                0x08006712        0x2 build/debug/stm32l4xx_it.o
                0x08006712                UsageFault_Handler
 .text.SVC_Handler
                0x08006714        0x2 build/debug/stm32l4xx_it.o
                0x08006714                SVC_Handler
 .text.DebugMon_Handler
                0x08006716        0x2 build/debug/stm32l4xx_it.o
                0x08006716                DebugMon_Handler
 .text.PendSV_Handler
                0x08006718        0x2 build/debug/stm32l4xx_it.o
                0x08006718                PendSV_Handler
 *fill*         0x0800671a        0x2 
 .text.SysTick_Handler
                0x0800671c       0x14 build/debug/stm32l4xx_it.o
                0x0800671c                SysTick_Handler
 .text.USART1_IRQHandler
                0x08006730       0x10 build/debug/stm32l4xx_it.o
                0x08006730                USART1_IRQHandler
 .text.USART2_IRQHandler
                0x08006740       0x10 build/debug/stm32l4xx_it.o
                0x08006740                USART2_IRQHandler
 .text.SystemInit
                0x08006750       0x14 build/debug/system_stm32l4xx.o
                0x08006750                SystemInit
 .text.Reset_Handler
                0x08006764       0x50 build/debug/startup_stm32l433xx.o
                0x08006764                Reset_Handler
 .text.Default_Handler
                0x080067b4        0x2 build/debug/startup_stm32l433xx.o
                0x080067b4                RTC_Alarm_IRQHandler
                0x080067b4                EXTI2_IRQHandler
                0x080067b4                TIM1_CC_IRQHandler
                0x080067b4                TSC_IRQHandler
                0x080067b4                TAMP_STAMP_IRQHandler
                0x080067b4                EXTI3_IRQHandler
                0x080067b4                LPTIM2_IRQHandler
                0x080067b4                I2C3_ER_IRQHandler
                0x080067b4                EXTI0_IRQHandler
                0x080067b4                I2C2_EV_IRQHandler
                0x080067b4                CAN1_RX0_IRQHandler
                0x080067b4                FPU_IRQHandler
                0x080067b4                TIM1_UP_TIM16_IRQHandler
                0x080067b4                SPI1_IRQHandler
                0x080067b4                TIM6_DAC_IRQHandler
                0x080067b4                DMA2_Channel2_IRQHandler
                0x080067b4                DMA1_Channel4_IRQHandler
                0x080067b4                ADC1_IRQHandler
                0x080067b4                USART3_IRQHandler
                0x080067b4                CAN1_RX1_IRQHandler
                0x080067b4                LCD_IRQHandler
                0x080067b4                DMA2_Channel1_IRQHandler
                0x080067b4                QUADSPI_IRQHandler
                0x080067b4                I2C1_EV_IRQHandler
                0x080067b4                DMA1_Channel6_IRQHandler
                0x080067b4                DMA2_Channel4_IRQHandler
                0x080067b4                RCC_IRQHandler
                0x080067b4                TIM1_TRG_COM_IRQHandler
                0x080067b4                DMA1_Channel1_IRQHandler
                0x080067b4                Default_Handler
                0x080067b4                DMA2_Channel7_IRQHandler
                0x080067b4                EXTI15_10_IRQHandler
                0x080067b4                TIM7_IRQHandler
                0x080067b4                SDMMC1_IRQHandler
                0x080067b4                I2C3_EV_IRQHandler
                0x080067b4                USB_IRQHandler
                0x080067b4                EXTI9_5_IRQHandler
                0x080067b4                RTC_WKUP_IRQHandler
                0x080067b4                PVD_PVM_IRQHandler
                0x080067b4                SPI2_IRQHandler
                0x080067b4                CAN1_TX_IRQHandler
                0x080067b4                DMA2_Channel5_IRQHandler
                0x080067b4                CRS_IRQHandler
                0x080067b4                EXTI4_IRQHandler
                0x080067b4                RNG_IRQHandler
                0x080067b4                DMA1_Channel3_IRQHandler
                0x080067b4                COMP_IRQHandler
                0x080067b4                WWDG_IRQHandler
                0x080067b4                LPUART1_IRQHandler
                0x080067b4                DMA2_Channel6_IRQHandler
                0x080067b4                EXTI1_IRQHandler
                0x080067b4                I2C2_ER_IRQHandler
                0x080067b4                CAN1_SCE_IRQHandler
                0x080067b4                FLASH_IRQHandler
                0x080067b4                SPI3_IRQHandler
                0x080067b4                I2C1_ER_IRQHandler
                0x080067b4                SWPMI1_IRQHandler
                0x080067b4                LPTIM1_IRQHandler
                0x080067b4                SAI1_IRQHandler
                0x080067b4                DMA2_Channel3_IRQHandler
                0x080067b4                TIM1_BRK_TIM15_IRQHandler
 *fill*         0x080067b6        0x2 
 .text.rand     0x080067b8       0x7c c:/users/igorn/appdata/roaming/code/user/globalstorage/bmd.stm32-for-vscode/@xpack-dev-tools/arm-none-eabi-gcc/12.3.1-1.1.1/.content/bin/../lib/gcc/arm-none-eabi/12.3.1/../../../../arm-none-eabi/lib/thumb/v7e-m+fp/hard\libc_nano.a(libc_a-rand.o)
                0x080067b8                rand
 .text.std      0x08006834       0x6c c:/users/igorn/appdata/roaming/code/user/globalstorage/bmd.stm32-for-vscode/@xpack-dev-tools/arm-none-eabi-gcc/12.3.1-1.1.1/.content/bin/../lib/gcc/arm-none-eabi/12.3.1/../../../../arm-none-eabi/lib/thumb/v7e-m+fp/hard\libc_nano.a(libc_a-findfp.o)
 .text.stdio_exit_handler
                0x080068a0       0x18 c:/users/igorn/appdata/roaming/code/user/globalstorage/bmd.stm32-for-vscode/@xpack-dev-tools/arm-none-eabi-gcc/12.3.1-1.1.1/.content/bin/../lib/gcc/arm-none-eabi/12.3.1/../../../../arm-none-eabi/lib/thumb/v7e-m+fp/hard\libc_nano.a(libc_a-findfp.o)
 .text.cleanup_stdio
                0x080068b8       0x40 c:/users/igorn/appdata/roaming/code/user/globalstorage/bmd.stm32-for-vscode/@xpack-dev-tools/arm-none-eabi-gcc/12.3.1-1.1.1/.content/bin/../lib/gcc/arm-none-eabi/12.3.1/../../../../arm-none-eabi/lib/thumb/v7e-m+fp/hard\libc_nano.a(libc_a-findfp.o)
 .text.global_stdio_init.part.0
                0x080068f8       0x3c c:/users/igorn/appdata/roaming/code/user/globalstorage/bmd.stm32-for-vscode/@xpack-dev-tools/arm-none-eabi-gcc/12.3.1-1.1.1/.content/bin/../lib/gcc/arm-none-eabi/12.3.1/../../../../arm-none-eabi/lib/thumb/v7e-m+fp/hard\libc_nano.a(libc_a-findfp.o)
 .text.__sfp_lock_acquire
                0x08006934        0xc c:/users/igorn/appdata/roaming/code/user/globalstorage/bmd.stm32-for-vscode/@xpack-dev-tools/arm-none-eabi-gcc/12.3.1-1.1.1/.content/bin/../lib/gcc/arm-none-eabi/12.3.1/../../../../arm-none-eabi/lib/thumb/v7e-m+fp/hard\libc_nano.a(libc_a-findfp.o)
                0x08006934                __sfp_lock_acquire
 .text.__sfp_lock_release
                0x08006940        0xc c:/users/igorn/appdata/roaming/code/user/globalstorage/bmd.stm32-for-vscode/@xpack-dev-tools/arm-none-eabi-gcc/12.3.1-1.1.1/.content/bin/../lib/gcc/arm-none-eabi/12.3.1/../../../../arm-none-eabi/lib/thumb/v7e-m+fp/hard\libc_nano.a(libc_a-findfp.o)
                0x08006940                __sfp_lock_release
 .text.__sinit  0x0800694c       0x30 c:/users/igorn/appdata/roaming/code/user/globalstorage/bmd.stm32-for-vscode/@xpack-dev-tools/arm-none-eabi-gcc/12.3.1-1.1.1/.content/bin/../lib/gcc/arm-none-eabi/12.3.1/../../../../arm-none-eabi/lib/thumb/v7e-m+fp/hard\libc_nano.a(libc_a-findfp.o)
                0x0800694c                __sinit
 .text._fwalk_sglue
                0x0800697c       0x3c c:/users/igorn/appdata/roaming/code/user/globalstorage/bmd.stm32-for-vscode/@xpack-dev-tools/arm-none-eabi-gcc/12.3.1-1.1.1/.content/bin/../lib/gcc/arm-none-eabi/12.3.1/../../../../arm-none-eabi/lib/thumb/v7e-m+fp/hard\libc_nano.a(libc_a-fwalk.o)
                0x0800697c                _fwalk_sglue
 .text.__sread  0x080069b8       0x22 c:/users/igorn/appdata/roaming/code/user/globalstorage/bmd.stm32-for-vscode/@xpack-dev-tools/arm-none-eabi-gcc/12.3.1-1.1.1/.content/bin/../lib/gcc/arm-none-eabi/12.3.1/../../../../arm-none-eabi/lib/thumb/v7e-m+fp/hard\libc_nano.a(libc_a-stdio.o)
                0x080069b8                __sread
 .text.__swrite
                0x080069da       0x38 c:/users/igorn/appdata/roaming/code/user/globalstorage/bmd.stm32-for-vscode/@xpack-dev-tools/arm-none-eabi-gcc/12.3.1-1.1.1/.content/bin/../lib/gcc/arm-none-eabi/12.3.1/../../../../arm-none-eabi/lib/thumb/v7e-m+fp/hard\libc_nano.a(libc_a-stdio.o)
                0x080069da                __swrite
 .text.__sseek  0x08006a12       0x24 c:/users/igorn/appdata/roaming/code/user/globalstorage/bmd.stm32-for-vscode/@xpack-dev-tools/arm-none-eabi-gcc/12.3.1-1.1.1/.content/bin/../lib/gcc/arm-none-eabi/12.3.1/../../../../arm-none-eabi/lib/thumb/v7e-m+fp/hard\libc_nano.a(libc_a-stdio.o)
                0x08006a12                __sseek
 .text.__sclose
                0x08006a36        0x8 c:/users/igorn/appdata/roaming/code/user/globalstorage/bmd.stm32-for-vscode/@xpack-dev-tools/arm-none-eabi-gcc/12.3.1-1.1.1/.content/bin/../lib/gcc/arm-none-eabi/12.3.1/../../../../arm-none-eabi/lib/thumb/v7e-m+fp/hard\libc_nano.a(libc_a-stdio.o)
                0x08006a36                __sclose
 .text.memset   0x08006a3e       0x10 c:/users/igorn/appdata/roaming/code/user/globalstorage/bmd.stm32-for-vscode/@xpack-dev-tools/arm-none-eabi-gcc/12.3.1-1.1.1/.content/bin/../lib/gcc/arm-none-eabi/12.3.1/../../../../arm-none-eabi/lib/thumb/v7e-m+fp/hard\libc_nano.a(libc_a-memset.o)
                0x08006a3e                memset
 *fill*         0x08006a4e        0x2 
 .text._close_r
                0x08006a50       0x20 c:/users/igorn/appdata/roaming/code/user/globalstorage/bmd.stm32-for-vscode/@xpack-dev-tools/arm-none-eabi-gcc/12.3.1-1.1.1/.content/bin/../lib/gcc/arm-none-eabi/12.3.1/../../../../arm-none-eabi/lib/thumb/v7e-m+fp/hard\libc_nano.a(libc_a-closer.o)
                0x08006a50                _close_r
 .text._lseek_r
                0x08006a70       0x24 c:/users/igorn/appdata/roaming/code/user/globalstorage/bmd.stm32-for-vscode/@xpack-dev-tools/arm-none-eabi-gcc/12.3.1-1.1.1/.content/bin/../lib/gcc/arm-none-eabi/12.3.1/../../../../arm-none-eabi/lib/thumb/v7e-m+fp/hard\libc_nano.a(libc_a-lseekr.o)
                0x08006a70                _lseek_r
 .text._read_r  0x08006a94       0x24 c:/users/igorn/appdata/roaming/code/user/globalstorage/bmd.stm32-for-vscode/@xpack-dev-tools/arm-none-eabi-gcc/12.3.1-1.1.1/.content/bin/../lib/gcc/arm-none-eabi/12.3.1/../../../../arm-none-eabi/lib/thumb/v7e-m+fp/hard\libc_nano.a(libc_a-readr.o)
                0x08006a94                _read_r
 .text._write_r
                0x08006ab8       0x24 c:/users/igorn/appdata/roaming/code/user/globalstorage/bmd.stm32-for-vscode/@xpack-dev-tools/arm-none-eabi-gcc/12.3.1-1.1.1/.content/bin/../lib/gcc/arm-none-eabi/12.3.1/../../../../arm-none-eabi/lib/thumb/v7e-m+fp/hard\libc_nano.a(libc_a-writer.o)
                0x08006ab8                _write_r
 .text.__libc_init_array
                0x08006adc       0x48 c:/users/igorn/appdata/roaming/code/user/globalstorage/bmd.stm32-for-vscode/@xpack-dev-tools/arm-none-eabi-gcc/12.3.1-1.1.1/.content/bin/../lib/gcc/arm-none-eabi/12.3.1/../../../../arm-none-eabi/lib/thumb/v7e-m+fp/hard\libc_nano.a(libc_a-init.o)
                0x08006adc                __libc_init_array
 .text.__retarget_lock_init_recursive
                0x08006b24        0x2 c:/users/igorn/appdata/roaming/code/user/globalstorage/bmd.stm32-for-vscode/@xpack-dev-tools/arm-none-eabi-gcc/12.3.1-1.1.1/.content/bin/../lib/gcc/arm-none-eabi/12.3.1/../../../../arm-none-eabi/lib/thumb/v7e-m+fp/hard\libc_nano.a(libc_a-lock.o)
                0x08006b24                __retarget_lock_init_recursive
 .text.__retarget_lock_acquire_recursive
                0x08006b26        0x2 c:/users/igorn/appdata/roaming/code/user/globalstorage/bmd.stm32-for-vscode/@xpack-dev-tools/arm-none-eabi-gcc/12.3.1-1.1.1/.content/bin/../lib/gcc/arm-none-eabi/12.3.1/../../../../arm-none-eabi/lib/thumb/v7e-m+fp/hard\libc_nano.a(libc_a-lock.o)
                0x08006b26                __retarget_lock_acquire_recursive
 .text.__retarget_lock_release_recursive
                0x08006b28        0x2 c:/users/igorn/appdata/roaming/code/user/globalstorage/bmd.stm32-for-vscode/@xpack-dev-tools/arm-none-eabi-gcc/12.3.1-1.1.1/.content/bin/../lib/gcc/arm-none-eabi/12.3.1/../../../../arm-none-eabi/lib/thumb/v7e-m+fp/hard\libc_nano.a(libc_a-lock.o)
                0x08006b28                __retarget_lock_release_recursive
 *fill*         0x08006b2a        0x2 
 .text.__assert_func
                0x08006b2c       0x3c c:/users/igorn/appdata/roaming/code/user/globalstorage/bmd.stm32-for-vscode/@xpack-dev-tools/arm-none-eabi-gcc/12.3.1-1.1.1/.content/bin/../lib/gcc/arm-none-eabi/12.3.1/../../../../arm-none-eabi/lib/thumb/v7e-m+fp/hard\libc_nano.a(libc_a-assert.o)
                0x08006b2c                __assert_func
 .text._free_r  0x08006b68       0x94 c:/users/igorn/appdata/roaming/code/user/globalstorage/bmd.stm32-for-vscode/@xpack-dev-tools/arm-none-eabi-gcc/12.3.1-1.1.1/.content/bin/../lib/gcc/arm-none-eabi/12.3.1/../../../../arm-none-eabi/lib/thumb/v7e-m+fp/hard\libc_nano.a(libc_a-freer.o)
                0x08006b68                _free_r
 .text.malloc   0x08006bfc       0x10 c:/users/igorn/appdata/roaming/code/user/globalstorage/bmd.stm32-for-vscode/@xpack-dev-tools/arm-none-eabi-gcc/12.3.1-1.1.1/.content/bin/../lib/gcc/arm-none-eabi/12.3.1/../../../../arm-none-eabi/lib/thumb/v7e-m+fp/hard\libc_nano.a(libc_a-malloc.o)
                0x08006bfc                malloc
 .text.sbrk_aligned
                0x08006c0c       0x44 c:/users/igorn/appdata/roaming/code/user/globalstorage/bmd.stm32-for-vscode/@xpack-dev-tools/arm-none-eabi-gcc/12.3.1-1.1.1/.content/bin/../lib/gcc/arm-none-eabi/12.3.1/../../../../arm-none-eabi/lib/thumb/v7e-m+fp/hard\libc_nano.a(libc_a-mallocr.o)
 .text._malloc_r
                0x08006c50      0x100 c:/users/igorn/appdata/roaming/code/user/globalstorage/bmd.stm32-for-vscode/@xpack-dev-tools/arm-none-eabi-gcc/12.3.1-1.1.1/.content/bin/../lib/gcc/arm-none-eabi/12.3.1/../../../../arm-none-eabi/lib/thumb/v7e-m+fp/hard\libc_nano.a(libc_a-mallocr.o)
                0x08006c50                _malloc_r
 .text.__malloc_lock
                0x08006d50        0xc c:/users/igorn/appdata/roaming/code/user/globalstorage/bmd.stm32-for-vscode/@xpack-dev-tools/arm-none-eabi-gcc/12.3.1-1.1.1/.content/bin/../lib/gcc/arm-none-eabi/12.3.1/../../../../arm-none-eabi/lib/thumb/v7e-m+fp/hard\libc_nano.a(libc_a-mlock.o)
                0x08006d50                __malloc_lock
 .text.__malloc_unlock
                0x08006d5c        0xc c:/users/igorn/appdata/roaming/code/user/globalstorage/bmd.stm32-for-vscode/@xpack-dev-tools/arm-none-eabi-gcc/12.3.1-1.1.1/.content/bin/../lib/gcc/arm-none-eabi/12.3.1/../../../../arm-none-eabi/lib/thumb/v7e-m+fp/hard\libc_nano.a(libc_a-mlock.o)
                0x08006d5c                __malloc_unlock
 .text.__sflush_r
                0x08006d68      0x108 c:/users/igorn/appdata/roaming/code/user/globalstorage/bmd.stm32-for-vscode/@xpack-dev-tools/arm-none-eabi-gcc/12.3.1-1.1.1/.content/bin/../lib/gcc/arm-none-eabi/12.3.1/../../../../arm-none-eabi/lib/thumb/v7e-m+fp/hard\libc_nano.a(libc_a-fflush.o)
                0x08006d68                __sflush_r
 .text._fflush_r
                0x08006e70       0x50 c:/users/igorn/appdata/roaming/code/user/globalstorage/bmd.stm32-for-vscode/@xpack-dev-tools/arm-none-eabi-gcc/12.3.1-1.1.1/.content/bin/../lib/gcc/arm-none-eabi/12.3.1/../../../../arm-none-eabi/lib/thumb/v7e-m+fp/hard\libc_nano.a(libc_a-fflush.o)
                0x08006e70                _fflush_r
 .text.fprintf  0x08006ec0       0x24 c:/users/igorn/appdata/roaming/code/user/globalstorage/bmd.stm32-for-vscode/@xpack-dev-tools/arm-none-eabi-gcc/12.3.1-1.1.1/.content/bin/../lib/gcc/arm-none-eabi/12.3.1/../../../../arm-none-eabi/lib/thumb/v7e-m+fp/hard\libc_nano.a(libc_a-fprintf.o)
                0x08006ec0                fiprintf
                0x08006ec0                fprintf
 .text._sbrk_r  0x08006ee4       0x20 c:/users/igorn/appdata/roaming/code/user/globalstorage/bmd.stm32-for-vscode/@xpack-dev-tools/arm-none-eabi-gcc/12.3.1-1.1.1/.content/bin/../lib/gcc/arm-none-eabi/12.3.1/../../../../arm-none-eabi/lib/thumb/v7e-m+fp/hard\libc_nano.a(libc_a-sbrkr.o)
                0x08006ee4                _sbrk_r
 .text.abort    0x08006f04        0xe c:/users/igorn/appdata/roaming/code/user/globalstorage/bmd.stm32-for-vscode/@xpack-dev-tools/arm-none-eabi-gcc/12.3.1-1.1.1/.content/bin/../lib/gcc/arm-none-eabi/12.3.1/../../../../arm-none-eabi/lib/thumb/v7e-m+fp/hard\libc_nano.a(libc_a-abort.o)
                0x08006f04                abort
 .text.__sfputc_r
                0x08006f12       0x2e c:/users/igorn/appdata/roaming/code/user/globalstorage/bmd.stm32-for-vscode/@xpack-dev-tools/arm-none-eabi-gcc/12.3.1-1.1.1/.content/bin/../lib/gcc/arm-none-eabi/12.3.1/../../../../arm-none-eabi/lib/thumb/v7e-m+fp/hard\libc_nano.a(libc_a-nano-vfprintf.o)
 .text.__sfputs_r
                0x08006f40       0x24 c:/users/igorn/appdata/roaming/code/user/globalstorage/bmd.stm32-for-vscode/@xpack-dev-tools/arm-none-eabi-gcc/12.3.1-1.1.1/.content/bin/../lib/gcc/arm-none-eabi/12.3.1/../../../../arm-none-eabi/lib/thumb/v7e-m+fp/hard\libc_nano.a(libc_a-nano-vfprintf.o)
                0x08006f40                __sfputs_r
 .text._vfprintf_r
                0x08006f64      0x230 c:/users/igorn/appdata/roaming/code/user/globalstorage/bmd.stm32-for-vscode/@xpack-dev-tools/arm-none-eabi-gcc/12.3.1-1.1.1/.content/bin/../lib/gcc/arm-none-eabi/12.3.1/../../../../arm-none-eabi/lib/thumb/v7e-m+fp/hard\libc_nano.a(libc_a-nano-vfprintf.o)
                0x08006f64                _vfprintf_r
                0x08006f64                _vfiprintf_r
 .text._printf_common
                0x08007194       0xda c:/users/igorn/appdata/roaming/code/user/globalstorage/bmd.stm32-for-vscode/@xpack-dev-tools/arm-none-eabi-gcc/12.3.1-1.1.1/.content/bin/../lib/gcc/arm-none-eabi/12.3.1/../../../../arm-none-eabi/lib/thumb/v7e-m+fp/hard\libc_nano.a(libc_a-nano-vfprintf_i.o)
                0x08007194                _printf_common
 *fill*         0x0800726e        0x2 
 .text._printf_i
                0x08007270      0x258 c:/users/igorn/appdata/roaming/code/user/globalstorage/bmd.stm32-for-vscode/@xpack-dev-tools/arm-none-eabi-gcc/12.3.1-1.1.1/.content/bin/../lib/gcc/arm-none-eabi/12.3.1/../../../../arm-none-eabi/lib/thumb/v7e-m+fp/hard\libc_nano.a(libc_a-nano-vfprintf_i.o)
                0x08007270                _printf_i
 .text.__swbuf_r
                0x080074c8       0x7c c:/users/igorn/appdata/roaming/code/user/globalstorage/bmd.stm32-for-vscode/@xpack-dev-tools/arm-none-eabi-gcc/12.3.1-1.1.1/.content/bin/../lib/gcc/arm-none-eabi/12.3.1/../../../../arm-none-eabi/lib/thumb/v7e-m+fp/hard\libc_nano.a(libc_a-wbuf.o)
                0x080074c8                __swbuf_r
 .text.__swsetup_r
                0x08007544       0xac c:/users/igorn/appdata/roaming/code/user/globalstorage/bmd.stm32-for-vscode/@xpack-dev-tools/arm-none-eabi-gcc/12.3.1-1.1.1/.content/bin/../lib/gcc/arm-none-eabi/12.3.1/../../../../arm-none-eabi/lib/thumb/v7e-m+fp/hard\libc_nano.a(libc_a-wsetup.o)
                0x08007544                __swsetup_r
 .text._raise_r
                0x080075f0       0x50 c:/users/igorn/appdata/roaming/code/user/globalstorage/bmd.stm32-for-vscode/@xpack-dev-tools/arm-none-eabi-gcc/12.3.1-1.1.1/.content/bin/../lib/gcc/arm-none-eabi/12.3.1/../../../../arm-none-eabi/lib/thumb/v7e-m+fp/hard\libc_nano.a(libc_a-signal.o)
                0x080075f0                _raise_r
 .text.raise    0x08007640       0x10 c:/users/igorn/appdata/roaming/code/user/globalstorage/bmd.stm32-for-vscode/@xpack-dev-tools/arm-none-eabi-gcc/12.3.1-1.1.1/.content/bin/../lib/gcc/arm-none-eabi/12.3.1/../../../../arm-none-eabi/lib/thumb/v7e-m+fp/hard\libc_nano.a(libc_a-signal.o)
                0x08007640                raise
 .text._kill_r  0x08007650       0x24 c:/users/igorn/appdata/roaming/code/user/globalstorage/bmd.stm32-for-vscode/@xpack-dev-tools/arm-none-eabi-gcc/12.3.1-1.1.1/.content/bin/../lib/gcc/arm-none-eabi/12.3.1/../../../../arm-none-eabi/lib/thumb/v7e-m+fp/hard\libc_nano.a(libc_a-signalr.o)
                0x08007650                _kill_r
 .text._getpid_r
                0x08007674        0x4 c:/users/igorn/appdata/roaming/code/user/globalstorage/bmd.stm32-for-vscode/@xpack-dev-tools/arm-none-eabi-gcc/12.3.1-1.1.1/.content/bin/../lib/gcc/arm-none-eabi/12.3.1/../../../../arm-none-eabi/lib/thumb/v7e-m+fp/hard\libc_nano.a(libc_a-signalr.o)
                0x08007674                _getpid_r
 .text.__swhatbuf_r
                0x08007678       0x4c c:/users/igorn/appdata/roaming/code/user/globalstorage/bmd.stm32-for-vscode/@xpack-dev-tools/arm-none-eabi-gcc/12.3.1-1.1.1/.content/bin/../lib/gcc/arm-none-eabi/12.3.1/../../../../arm-none-eabi/lib/thumb/v7e-m+fp/hard\libc_nano.a(libc_a-makebuf.o)
                0x08007678                __swhatbuf_r
 .text.__smakebuf_r
                0x080076c4       0x78 c:/users/igorn/appdata/roaming/code/user/globalstorage/bmd.stm32-for-vscode/@xpack-dev-tools/arm-none-eabi-gcc/12.3.1-1.1.1/.content/bin/../lib/gcc/arm-none-eabi/12.3.1/../../../../arm-none-eabi/lib/thumb/v7e-m+fp/hard\libc_nano.a(libc_a-makebuf.o)
                0x080076c4                __smakebuf_r
 .text._fstat_r
                0x0800773c       0x24 c:/users/igorn/appdata/roaming/code/user/globalstorage/bmd.stm32-for-vscode/@xpack-dev-tools/arm-none-eabi-gcc/12.3.1-1.1.1/.content/bin/../lib/gcc/arm-none-eabi/12.3.1/../../../../arm-none-eabi/lib/thumb/v7e-m+fp/hard\libc_nano.a(libc_a-fstatr.o)
                0x0800773c                _fstat_r
 .text._isatty_r
                0x08007760       0x20 c:/users/igorn/appdata/roaming/code/user/globalstorage/bmd.stm32-for-vscode/@xpack-dev-tools/arm-none-eabi-gcc/12.3.1-1.1.1/.content/bin/../lib/gcc/arm-none-eabi/12.3.1/../../../../arm-none-eabi/lib/thumb/v7e-m+fp/hard\libc_nano.a(libc_a-isattyr.o)
                0x08007760                _isatty_r
 .text.pow      0x08007780       0xf0 c:/users/igorn/appdata/roaming/code/user/globalstorage/bmd.stm32-for-vscode/@xpack-dev-tools/arm-none-eabi-gcc/12.3.1-1.1.1/.content/bin/../lib/gcc/arm-none-eabi/12.3.1/../../../../arm-none-eabi/lib/thumb/v7e-m+fp/hard\libm.a(libm_a-w_pow.o)
                0x08007780                pow
 .text.finite   0x08007870       0x18 c:/users/igorn/appdata/roaming/code/user/globalstorage/bmd.stm32-for-vscode/@xpack-dev-tools/arm-none-eabi-gcc/12.3.1-1.1.1/.content/bin/../lib/gcc/arm-none-eabi/12.3.1/../../../../arm-none-eabi/lib/thumb/v7e-m+fp/hard\libm.a(libm_a-s_finite.o)
                0x08007870                finite
 .text.__ieee754_pow
                0x08007888      0xbec c:/users/igorn/appdata/roaming/code/user/globalstorage/bmd.stm32-for-vscode/@xpack-dev-tools/arm-none-eabi-gcc/12.3.1-1.1.1/.content/bin/../lib/gcc/arm-none-eabi/12.3.1/../../../../arm-none-eabi/lib/thumb/v7e-m+fp/hard\libm.a(libm_a-e_pow.o)
                0x08007888                __ieee754_pow
 .text.fabs     0x08008474       0x10 c:/users/igorn/appdata/roaming/code/user/globalstorage/bmd.stm32-for-vscode/@xpack-dev-tools/arm-none-eabi-gcc/12.3.1-1.1.1/.content/bin/../lib/gcc/arm-none-eabi/12.3.1/../../../../arm-none-eabi/lib/thumb/v7e-m+fp/hard\libm.a(libm_a-s_fabs.o)
                0x08008474                fabs
 *fill*         0x08008484        0x4 
 .text.scalbn   0x08008488      0x114 c:/users/igorn/appdata/roaming/code/user/globalstorage/bmd.stm32-for-vscode/@xpack-dev-tools/arm-none-eabi-gcc/12.3.1-1.1.1/.content/bin/../lib/gcc/arm-none-eabi/12.3.1/../../../../arm-none-eabi/lib/thumb/v7e-m+fp/hard\libm.a(libm_a-s_scalbn.o)
                0x08008488                scalbn
 .text.with_errno
                0x0800859c       0x24 c:/users/igorn/appdata/roaming/code/user/globalstorage/bmd.stm32-for-vscode/@xpack-dev-tools/arm-none-eabi-gcc/12.3.1-1.1.1/.content/bin/../lib/gcc/arm-none-eabi/12.3.1/../../../../arm-none-eabi/lib/thumb/v7e-m+fp/hard\libm.a(libm_a-math_err.o)
 .text.xflow    0x080085c0       0x34 c:/users/igorn/appdata/roaming/code/user/globalstorage/bmd.stm32-for-vscode/@xpack-dev-tools/arm-none-eabi-gcc/12.3.1-1.1.1/.content/bin/../lib/gcc/arm-none-eabi/12.3.1/../../../../arm-none-eabi/lib/thumb/v7e-m+fp/hard\libm.a(libm_a-math_err.o)
 *fill*         0x080085f4        0x4 
 .text.__math_uflow
                0x080085f8       0x10 c:/users/igorn/appdata/roaming/code/user/globalstorage/bmd.stm32-for-vscode/@xpack-dev-tools/arm-none-eabi-gcc/12.3.1-1.1.1/.content/bin/../lib/gcc/arm-none-eabi/12.3.1/../../../../arm-none-eabi/lib/thumb/v7e-m+fp/hard\libm.a(libm_a-math_err.o)
                0x080085f8                __math_uflow
 .text.__math_oflow
                0x08008608       0x10 c:/users/igorn/appdata/roaming/code/user/globalstorage/bmd.stm32-for-vscode/@xpack-dev-tools/arm-none-eabi-gcc/12.3.1-1.1.1/.content/bin/../lib/gcc/arm-none-eabi/12.3.1/../../../../arm-none-eabi/lib/thumb/v7e-m+fp/hard\libm.a(libm_a-math_err.o)
                0x08008608                __math_oflow
 .text.__ieee754_sqrt
                0x08008618      0x1f4 c:/users/igorn/appdata/roaming/code/user/globalstorage/bmd.stm32-for-vscode/@xpack-dev-tools/arm-none-eabi-gcc/12.3.1-1.1.1/.content/bin/../lib/gcc/arm-none-eabi/12.3.1/../../../../arm-none-eabi/lib/thumb/v7e-m+fp/hard\libm.a(libm_a-e_sqrt.o)
                0x08008618                __ieee754_sqrt
 .text._close   0x0800880c       0x10 c:/users/igorn/appdata/roaming/code/user/globalstorage/bmd.stm32-for-vscode/@xpack-dev-tools/arm-none-eabi-gcc/12.3.1-1.1.1/.content/bin/../lib/gcc/arm-none-eabi/12.3.1/../../../../arm-none-eabi/lib/thumb/v7e-m+fp/hard\libnosys.a(close.o)
                0x0800880c                _close
 .text._fstat   0x0800881c       0x10 c:/users/igorn/appdata/roaming/code/user/globalstorage/bmd.stm32-for-vscode/@xpack-dev-tools/arm-none-eabi-gcc/12.3.1-1.1.1/.content/bin/../lib/gcc/arm-none-eabi/12.3.1/../../../../arm-none-eabi/lib/thumb/v7e-m+fp/hard\libnosys.a(fstat.o)
                0x0800881c                _fstat
 .text._getpid  0x0800882c       0x10 c:/users/igorn/appdata/roaming/code/user/globalstorage/bmd.stm32-for-vscode/@xpack-dev-tools/arm-none-eabi-gcc/12.3.1-1.1.1/.content/bin/../lib/gcc/arm-none-eabi/12.3.1/../../../../arm-none-eabi/lib/thumb/v7e-m+fp/hard\libnosys.a(getpid.o)
                0x0800882c                _getpid
 .text._isatty  0x0800883c       0x10 c:/users/igorn/appdata/roaming/code/user/globalstorage/bmd.stm32-for-vscode/@xpack-dev-tools/arm-none-eabi-gcc/12.3.1-1.1.1/.content/bin/../lib/gcc/arm-none-eabi/12.3.1/../../../../arm-none-eabi/lib/thumb/v7e-m+fp/hard\libnosys.a(isatty.o)
                0x0800883c                _isatty
 .text._kill    0x0800884c       0x10 c:/users/igorn/appdata/roaming/code/user/globalstorage/bmd.stm32-for-vscode/@xpack-dev-tools/arm-none-eabi-gcc/12.3.1-1.1.1/.content/bin/../lib/gcc/arm-none-eabi/12.3.1/../../../../arm-none-eabi/lib/thumb/v7e-m+fp/hard\libnosys.a(kill.o)
                0x0800884c                _kill
 .text._lseek   0x0800885c       0x10 c:/users/igorn/appdata/roaming/code/user/globalstorage/bmd.stm32-for-vscode/@xpack-dev-tools/arm-none-eabi-gcc/12.3.1-1.1.1/.content/bin/../lib/gcc/arm-none-eabi/12.3.1/../../../../arm-none-eabi/lib/thumb/v7e-m+fp/hard\libnosys.a(lseek.o)
                0x0800885c                _lseek
 .text._read    0x0800886c       0x10 c:/users/igorn/appdata/roaming/code/user/globalstorage/bmd.stm32-for-vscode/@xpack-dev-tools/arm-none-eabi-gcc/12.3.1-1.1.1/.content/bin/../lib/gcc/arm-none-eabi/12.3.1/../../../../arm-none-eabi/lib/thumb/v7e-m+fp/hard\libnosys.a(read.o)
                0x0800886c                _read
 .text._sbrk    0x0800887c       0x1c c:/users/igorn/appdata/roaming/code/user/globalstorage/bmd.stm32-for-vscode/@xpack-dev-tools/arm-none-eabi-gcc/12.3.1-1.1.1/.content/bin/../lib/gcc/arm-none-eabi/12.3.1/../../../../arm-none-eabi/lib/thumb/v7e-m+fp/hard\libnosys.a(sbrk.o)
                0x0800887c                _sbrk
 .text._write   0x08008898       0x10 c:/users/igorn/appdata/roaming/code/user/globalstorage/bmd.stm32-for-vscode/@xpack-dev-tools/arm-none-eabi-gcc/12.3.1-1.1.1/.content/bin/../lib/gcc/arm-none-eabi/12.3.1/../../../../arm-none-eabi/lib/thumb/v7e-m+fp/hard\libnosys.a(write.o)
                0x08008898                _write
 .text._exit    0x080088a8        0x4 c:/users/igorn/appdata/roaming/code/user/globalstorage/bmd.stm32-for-vscode/@xpack-dev-tools/arm-none-eabi-gcc/12.3.1-1.1.1/.content/bin/../lib/gcc/arm-none-eabi/12.3.1/../../../../arm-none-eabi/lib/thumb/v7e-m+fp/hard\libnosys.a(_exit.o)
                0x080088a8                _exit
 .text.__udivmoddi4
                0x080088ac      0x2bc c:/users/igorn/appdata/roaming/code/user/globalstorage/bmd.stm32-for-vscode/@xpack-dev-tools/arm-none-eabi-gcc/12.3.1-1.1.1/.content/bin/../lib/gcc/arm-none-eabi/12.3.1/thumb/v7e-m+fp/hard\libgcc.a(_udivmoddi4.o)
                0x080088ac                __udivmoddi4
 .text.__errno  0x08008b68        0xc c:/users/igorn/appdata/roaming/code/user/globalstorage/bmd.stm32-for-vscode/@xpack-dev-tools/arm-none-eabi-gcc/12.3.1-1.1.1/.content/bin/../lib/gcc/arm-none-eabi/12.3.1/../../../../arm-none-eabi/lib/thumb/v7e-m+fp/hard\libc_nano.a(libc_a-errno.o)
                0x08008b68                __errno
 *(.glue_7)
 .glue_7        0x08008b74        0x0 linker stubs
 *(.glue_7t)
 .glue_7t       0x08008b74        0x0 linker stubs
 *(.eh_frame)
 .eh_frame      0x08008b74        0x0 c:/users/igorn/appdata/roaming/code/user/globalstorage/bmd.stm32-for-vscode/@xpack-dev-tools/arm-none-eabi-gcc/12.3.1-1.1.1/.content/bin/../lib/gcc/arm-none-eabi/12.3.1/thumb/v7e-m+fp/hard/crtbegin.o
 *(.init)
 .init          0x08008b74        0x4 c:/users/igorn/appdata/roaming/code/user/globalstorage/bmd.stm32-for-vscode/@xpack-dev-tools/arm-none-eabi-gcc/12.3.1-1.1.1/.content/bin/../lib/gcc/arm-none-eabi/12.3.1/thumb/v7e-m+fp/hard/crti.o
                0x08008b74                _init
 .init          0x08008b78        0x8 c:/users/igorn/appdata/roaming/code/user/globalstorage/bmd.stm32-for-vscode/@xpack-dev-tools/arm-none-eabi-gcc/12.3.1-1.1.1/.content/bin/../lib/gcc/arm-none-eabi/12.3.1/thumb/v7e-m+fp/hard/crtn.o
 *(.fini)
 .fini          0x08008b80        0x4 c:/users/igorn/appdata/roaming/code/user/globalstorage/bmd.stm32-for-vscode/@xpack-dev-tools/arm-none-eabi-gcc/12.3.1-1.1.1/.content/bin/../lib/gcc/arm-none-eabi/12.3.1/thumb/v7e-m+fp/hard/crti.o
                0x08008b80                _fini
 .fini          0x08008b84        0x8 c:/users/igorn/appdata/roaming/code/user/globalstorage/bmd.stm32-for-vscode/@xpack-dev-tools/arm-none-eabi-gcc/12.3.1-1.1.1/.content/bin/../lib/gcc/arm-none-eabi/12.3.1/thumb/v7e-m+fp/hard/crtn.o
                0x08008b90                        . = ALIGN (0x8)
 *fill*         0x08008b8c        0x4 
                0x08008b90                        _etext = .

.vfp11_veneer   0x08008b90        0x0
 .vfp11_veneer  0x08008b90        0x0 linker stubs

.v4_bx          0x08008b90        0x0
 .v4_bx         0x08008b90        0x0 linker stubs

.iplt           0x08008b90        0x0
 .iplt          0x08008b90        0x0 c:/users/igorn/appdata/roaming/code/user/globalstorage/bmd.stm32-for-vscode/@xpack-dev-tools/arm-none-eabi-gcc/12.3.1-1.1.1/.content/bin/../lib/gcc/arm-none-eabi/12.3.1/thumb/v7e-m+fp/hard/crtbegin.o

.rodata         0x08008b90      0x2e0
                0x08008b90                        . = ALIGN (0x8)
 *(.rodata)
 *(.rodata*)
 .rodata.parseBreatheEffect.str1.4
                0x08008b90        0x5 build/debug/NOS_Strip_UART.o
 *fill*         0x08008b95        0x3 
 .rodata.gammaTable
                0x08008b98      0x100 build/debug/WS2812b_Core.o
                0x08008b98                gammaTable
 .rodata.main.str1.4
                0x08008c98       0x90 build/debug/main.o
 .rodata.MSIRangeTable
                0x08008d28       0x30 build/debug/system_stm32l4xx.o
                0x08008d28                MSIRangeTable
 .rodata.APBPrescTable
                0x08008d58        0x8 build/debug/system_stm32l4xx.o
                0x08008d58                APBPrescTable
 .rodata.AHBPrescTable
                0x08008d60       0x10 build/debug/system_stm32l4xx.o
                0x08008d60                AHBPrescTable
 .rodata.srand.str1.1
                0x08008d70       0x8c c:/users/igorn/appdata/roaming/code/user/globalstorage/bmd.stm32-for-vscode/@xpack-dev-tools/arm-none-eabi-gcc/12.3.1-1.1.1/.content/bin/../lib/gcc/arm-none-eabi/12.3.1/../../../../arm-none-eabi/lib/thumb/v7e-m+fp/hard\libc_nano.a(libc_a-rand.o)
 .rodata.__assert_func.str1.1
                0x08008dfc       0x3c c:/users/igorn/appdata/roaming/code/user/globalstorage/bmd.stm32-for-vscode/@xpack-dev-tools/arm-none-eabi-gcc/12.3.1-1.1.1/.content/bin/../lib/gcc/arm-none-eabi/12.3.1/../../../../arm-none-eabi/lib/thumb/v7e-m+fp/hard\libc_nano.a(libc_a-assert.o)
                                 0x3d (size before relaxing)
 .rodata._vfprintf_r.str1.1
                0x08008e38       0x11 c:/users/igorn/appdata/roaming/code/user/globalstorage/bmd.stm32-for-vscode/@xpack-dev-tools/arm-none-eabi-gcc/12.3.1-1.1.1/.content/bin/../lib/gcc/arm-none-eabi/12.3.1/../../../../arm-none-eabi/lib/thumb/v7e-m+fp/hard\libc_nano.a(libc_a-nano-vfprintf.o)
 .rodata._printf_i.str1.1
                0x08008e49       0x22 c:/users/igorn/appdata/roaming/code/user/globalstorage/bmd.stm32-for-vscode/@xpack-dev-tools/arm-none-eabi-gcc/12.3.1-1.1.1/.content/bin/../lib/gcc/arm-none-eabi/12.3.1/../../../../arm-none-eabi/lib/thumb/v7e-m+fp/hard\libc_nano.a(libc_a-nano-vfprintf_i.o)
                0x08008e70                        . = ALIGN (0x8)
 *fill*         0x08008e6b        0x5 

.ARM.extab      0x08008e70        0x0
                0x08008e70                        . = ALIGN (0x8)
 *(.ARM.extab* .gnu.linkonce.armextab.*)
                0x08008e70                        . = ALIGN (0x8)

.ARM            0x08008e70        0x8
                0x08008e70                        . = ALIGN (0x8)
                0x08008e70                        __exidx_start = .
 *(.ARM.exidx*)
 .ARM.exidx     0x08008e70        0x8 c:/users/igorn/appdata/roaming/code/user/globalstorage/bmd.stm32-for-vscode/@xpack-dev-tools/arm-none-eabi-gcc/12.3.1-1.1.1/.content/bin/../lib/gcc/arm-none-eabi/12.3.1/../../../../arm-none-eabi/lib/thumb/v7e-m+fp/hard\libc_nano.a(libc_a-memchr.o)
 .ARM.exidx.text.__udivmoddi4
                0x08008e78        0x0 c:/users/igorn/appdata/roaming/code/user/globalstorage/bmd.stm32-for-vscode/@xpack-dev-tools/arm-none-eabi-gcc/12.3.1-1.1.1/.content/bin/../lib/gcc/arm-none-eabi/12.3.1/thumb/v7e-m+fp/hard\libgcc.a(_udivmoddi4.o)
                                  0x8 (size before relaxing)
                0x08008e78                        __exidx_end = .
                0x08008e78                        . = ALIGN (0x8)

.rel.dyn        0x08008e78        0x0
 .rel.iplt      0x08008e78        0x0 c:/users/igorn/appdata/roaming/code/user/globalstorage/bmd.stm32-for-vscode/@xpack-dev-tools/arm-none-eabi-gcc/12.3.1-1.1.1/.content/bin/../lib/gcc/arm-none-eabi/12.3.1/thumb/v7e-m+fp/hard/crtbegin.o

.preinit_array  0x08008e78        0x0
                0x08008e78                        . = ALIGN (0x8)
                0x08008e78                        PROVIDE (__preinit_array_start = .)
 *(.preinit_array*)
                0x08008e78                        PROVIDE (__preinit_array_end = .)
                0x08008e78                        . = ALIGN (0x8)

.init_array     0x08008e78        0x8
                0x08008e78                        . = ALIGN (0x8)
                0x08008e78                        PROVIDE (__init_array_start = .)
 *(SORT_BY_NAME(.init_array.*))
 *(.init_array*)
 .init_array    0x08008e78        0x4 c:/users/igorn/appdata/roaming/code/user/globalstorage/bmd.stm32-for-vscode/@xpack-dev-tools/arm-none-eabi-gcc/12.3.1-1.1.1/.content/bin/../lib/gcc/arm-none-eabi/12.3.1/thumb/v7e-m+fp/hard/crtbegin.o
                0x08008e7c                        PROVIDE (__init_array_end = .)
                0x08008e80                        . = ALIGN (0x8)
 *fill*         0x08008e7c        0x4 

.fini_array     0x08008e80        0x8
                0x08008e80                        . = ALIGN (0x8)
                0x08008e80                        PROVIDE (__fini_array_start = .)
 *(SORT_BY_NAME(.fini_array.*))
 *(.fini_array*)
 .fini_array    0x08008e80        0x4 c:/users/igorn/appdata/roaming/code/user/globalstorage/bmd.stm32-for-vscode/@xpack-dev-tools/arm-none-eabi-gcc/12.3.1-1.1.1/.content/bin/../lib/gcc/arm-none-eabi/12.3.1/thumb/v7e-m+fp/hard/crtbegin.o
                0x08008e84                        PROVIDE (__fini_array_end = .)
                0x08008e88                        . = ALIGN (0x8)
 *fill*         0x08008e84        0x4 
                0x08008e88                        _sidata = LOADADDR (.data)

.data           0x20000000       0x80 load address 0x08008e88
                0x20000000                        . = ALIGN (0x8)
                0x20000000                        _sdata = .
 *(.data)
 *(.data*)
 .data.WS2812_IO_Low
                0x20000000        0x4 build/debug/WS2812b_Core.o
                0x20000000                WS2812_IO_Low
 .data.WS2812_IO_High
                0x20000004        0x4 build/debug/WS2812b_Core.o
                0x20000004                WS2812_IO_High
 .data.white    0x20000008        0x3 build/debug/main.o
                0x20000008                white
 .data.uwTickFreq
                0x2000000b        0x1 build/debug/stm32l4xx_hal.o
                0x2000000b                uwTickFreq
 .data.uwTickPrio
                0x2000000c        0x4 build/debug/stm32l4xx_hal.o
                0x2000000c                uwTickPrio
 .data.SystemCoreClock
                0x20000010        0x4 build/debug/system_stm32l4xx.o
                0x20000010                SystemCoreClock
 .data.__sglue  0x20000014        0xc c:/users/igorn/appdata/roaming/code/user/globalstorage/bmd.stm32-for-vscode/@xpack-dev-tools/arm-none-eabi-gcc/12.3.1-1.1.1/.content/bin/../lib/gcc/arm-none-eabi/12.3.1/../../../../arm-none-eabi/lib/thumb/v7e-m+fp/hard\libc_nano.a(libc_a-findfp.o)
                0x20000014                __sglue
 .data._impure_ptr
                0x20000020        0x4 c:/users/igorn/appdata/roaming/code/user/globalstorage/bmd.stm32-for-vscode/@xpack-dev-tools/arm-none-eabi-gcc/12.3.1-1.1.1/.content/bin/../lib/gcc/arm-none-eabi/12.3.1/../../../../arm-none-eabi/lib/thumb/v7e-m+fp/hard\libc_nano.a(libc_a-impure.o)
                0x20000020                _impure_ptr
 .data._impure_data
                0x20000024       0x4c c:/users/igorn/appdata/roaming/code/user/globalstorage/bmd.stm32-for-vscode/@xpack-dev-tools/arm-none-eabi-gcc/12.3.1-1.1.1/.content/bin/../lib/gcc/arm-none-eabi/12.3.1/../../../../arm-none-eabi/lib/thumb/v7e-m+fp/hard\libc_nano.a(libc_a-impure.o)
                0x20000024                _impure_data
 .data.tiny     0x20000070        0x8 c:/users/igorn/appdata/roaming/code/user/globalstorage/bmd.stm32-for-vscode/@xpack-dev-tools/arm-none-eabi-gcc/12.3.1-1.1.1/.content/bin/../lib/gcc/arm-none-eabi/12.3.1/../../../../arm-none-eabi/lib/thumb/v7e-m+fp/hard\libm.a(libm_a-e_sqrt.o)
 .data.one      0x20000078        0x8 c:/users/igorn/appdata/roaming/code/user/globalstorage/bmd.stm32-for-vscode/@xpack-dev-tools/arm-none-eabi-gcc/12.3.1-1.1.1/.content/bin/../lib/gcc/arm-none-eabi/12.3.1/../../../../arm-none-eabi/lib/thumb/v7e-m+fp/hard\libm.a(libm_a-e_sqrt.o)
                0x20000080                        . = ALIGN (0x8)
                0x20000080                        _edata = .

.igot.plt       0x20000080        0x0 load address 0x08008f08
 .igot.plt      0x20000080        0x0 c:/users/igorn/appdata/roaming/code/user/globalstorage/bmd.stm32-for-vscode/@xpack-dev-tools/arm-none-eabi-gcc/12.3.1-1.1.1/.content/bin/../lib/gcc/arm-none-eabi/12.3.1/thumb/v7e-m+fp/hard/crtbegin.o
                0x20000080                        . = ALIGN (0x4)

.bss            0x20000080     0x4994 load address 0x08008f08
                0x20000080                        _sbss = .
                0x20000080                        __bss_start__ = _sbss
 *(.bss)
 *(.bss*)
 .bss.completed.1
                0x20000080        0x1 c:/users/igorn/appdata/roaming/code/user/globalstorage/bmd.stm32-for-vscode/@xpack-dev-tools/arm-none-eabi-gcc/12.3.1-1.1.1/.content/bin/../lib/gcc/arm-none-eabi/12.3.1/thumb/v7e-m+fp/hard/crtbegin.o
 *fill*         0x20000081        0x3 
 .bss.object.0  0x20000084       0x18 c:/users/igorn/appdata/roaming/code/user/globalstorage/bmd.stm32-for-vscode/@xpack-dev-tools/arm-none-eabi-gcc/12.3.1-1.1.1/.content/bin/../lib/gcc/arm-none-eabi/12.3.1/thumb/v7e-m+fp/hard/crtbegin.o
 .bss.frameBufferD
                0x2000009c      0x600 build/debug/WS2812B_Effects.o
                0x2000009c                frameBufferD
 .bss.frameBufferC
                0x2000069c      0x600 build/debug/WS2812B_Effects.o
                0x2000069c                frameBufferC
 .bss.frameBufferB
                0x20000c9c      0x600 build/debug/WS2812B_Effects.o
                0x20000c9c                frameBufferB
 .bss.frameBufferA
                0x2000129c      0x600 build/debug/WS2812B_Effects.o
                0x2000129c                frameBufferA
 .bss.dmaCC2    0x2000189c       0x48 build/debug/WS2812b_Core.o
                0x2000189c                dmaCC2
 .bss.dmaCC1    0x200018e4       0x48 build/debug/WS2812b_Core.o
                0x200018e4                dmaCC1
 .bss.dmaUpdate
                0x2000192c       0x48 build/debug/WS2812b_Core.o
                0x2000192c                dmaUpdate
 .bss.tim_period
                0x20001974        0x4 build/debug/WS2812b_Core.o
                0x20001974                tim_period
 .bss.tim2OC2   0x20001978       0x1c build/debug/WS2812b_Core.o
                0x20001978                tim2OC2
 .bss.tim2OC1   0x20001994       0x1c build/debug/WS2812b_Core.o
                0x20001994                tim2OC1
 .bss.Tim2Handle
                0x200019b0       0x4c build/debug/WS2812b_Core.o
                0x200019b0                Tim2Handle
 .bss.ws2812bDmaBitBuffer
                0x200019fc       0x60 build/debug/WS2812b_Core.o
                0x200019fc                ws2812bDmaBitBuffer
 .bss.ws2812b   0x20001a5c       0x4c build/debug/WS2812b_Core.o
                0x20001a5c                ws2812b
 .bss.tick      0x20001aa8        0x1 build/debug/main.o
                0x20001aa8                tick
 .bss.receive   0x20001aa9        0x1 build/debug/main.o
                0x20001aa9                receive
 *fill*         0x20001aaa        0x2 
 .bss.nullColor
                0x20001aac        0x3 build/debug/main.o
                0x20001aac                nullColor
 *fill*         0x20001aaf        0x1 
 .bss.lastMessage
                0x20001ab0      0x214 build/debug/main.o
                0x20001ab0                lastMessage
 .bss.steadyColorA
                0x20001cc4       0x2c build/debug/main.o
                0x20001cc4                steadyColorA
 .bss.walkingPixelA
                0x20001cf0       0x2c build/debug/main.o
                0x20001cf0                walkingPixelA
 .bss.dotsA     0x20001d1c       0x2c build/debug/main.o
                0x20001d1c                dotsA
 .bss.rainbowA  0x20001d48       0x2c build/debug/main.o
                0x20001d48                rainbowA
 .bss.breatheA  0x20001d74       0x2c build/debug/main.o
                0x20001d74                breatheA
 .bss.UART1     0x20001da0      0x638 build/debug/main.o
                0x20001da0                UART1
 .bss.UART2     0x200023d8      0x638 build/debug/main.o
                0x200023d8                UART2
 .bss.pixelsD   0x20002a10      0x600 build/debug/main.o
                0x20002a10                pixelsD
 .bss.pixelsC   0x20003010      0x600 build/debug/main.o
                0x20003010                pixelsC
 .bss.pixelsB   0x20003610      0x600 build/debug/main.o
                0x20003610                pixelsB
 .bss.pixelsA   0x20003c10      0x600 build/debug/main.o
                0x20003c10                pixelsA
 .bss.stripD    0x20004210       0xf0 build/debug/main.o
                0x20004210                stripD
 .bss.stripC    0x20004300       0xf0 build/debug/main.o
                0x20004300                stripC
 .bss.stripB    0x200043f0       0xf0 build/debug/main.o
                0x200043f0                stripB
 .bss.stripA    0x200044e0       0xf0 build/debug/main.o
                0x200044e0                stripA
 .bss.screenUpdateEvent
                0x200045d0        0xc build/debug/main.o
                0x200045d0                screenUpdateEvent
 .bss.huart2    0x200045dc       0x88 build/debug/main.o
                0x200045dc                huart2
 .bss.huart1    0x20004664       0x88 build/debug/main.o
                0x20004664                huart1
 .bss.hdma_tim2_ch2_ch4
                0x200046ec       0x48 build/debug/main.o
                0x200046ec                hdma_tim2_ch2_ch4
 .bss.hdma_tim2_up
                0x20004734       0x48 build/debug/main.o
                0x20004734                hdma_tim2_up
 .bss.hdma_tim2_ch1
                0x2000477c       0x48 build/debug/main.o
                0x2000477c                hdma_tim2_ch1
 .bss.htim2     0x200047c4       0x4c build/debug/main.o
                0x200047c4                htim2
 .bss.htim1     0x20004810       0x4c build/debug/main.o
                0x20004810                htim1
 .bss.hspi2     0x2000485c       0x64 build/debug/main.o
                0x2000485c                hspi2
 .bss.uwTick    0x200048c0        0x4 build/debug/stm32l4xx_hal.o
                0x200048c0                uwTick
 .bss.__sf      0x200048c4      0x138 c:/users/igorn/appdata/roaming/code/user/globalstorage/bmd.stm32-for-vscode/@xpack-dev-tools/arm-none-eabi-gcc/12.3.1-1.1.1/.content/bin/../lib/gcc/arm-none-eabi/12.3.1/../../../../arm-none-eabi/lib/thumb/v7e-m+fp/hard\libc_nano.a(libc_a-findfp.o)
                0x200048c4                __sf
 .bss.__stdio_exit_handler
                0x200049fc        0x4 c:/users/igorn/appdata/roaming/code/user/globalstorage/bmd.stm32-for-vscode/@xpack-dev-tools/arm-none-eabi-gcc/12.3.1-1.1.1/.content/bin/../lib/gcc/arm-none-eabi/12.3.1/../../../../arm-none-eabi/lib/thumb/v7e-m+fp/hard\libc_nano.a(libc_a-findfp.o)
                0x200049fc                __stdio_exit_handler
 .bss.errno     0x20004a00        0x4 c:/users/igorn/appdata/roaming/code/user/globalstorage/bmd.stm32-for-vscode/@xpack-dev-tools/arm-none-eabi-gcc/12.3.1-1.1.1/.content/bin/../lib/gcc/arm-none-eabi/12.3.1/../../../../arm-none-eabi/lib/thumb/v7e-m+fp/hard\libc_nano.a(libc_a-reent.o)
                0x20004a00                errno
 .bss.__lock___malloc_recursive_mutex
                0x20004a04        0x1 c:/users/igorn/appdata/roaming/code/user/globalstorage/bmd.stm32-for-vscode/@xpack-dev-tools/arm-none-eabi-gcc/12.3.1-1.1.1/.content/bin/../lib/gcc/arm-none-eabi/12.3.1/../../../../arm-none-eabi/lib/thumb/v7e-m+fp/hard\libc_nano.a(libc_a-lock.o)
                0x20004a04                __lock___malloc_recursive_mutex
 .bss.__lock___sfp_recursive_mutex
                0x20004a05        0x1 c:/users/igorn/appdata/roaming/code/user/globalstorage/bmd.stm32-for-vscode/@xpack-dev-tools/arm-none-eabi-gcc/12.3.1-1.1.1/.content/bin/../lib/gcc/arm-none-eabi/12.3.1/../../../../arm-none-eabi/lib/thumb/v7e-m+fp/hard\libc_nano.a(libc_a-lock.o)
                0x20004a05                __lock___sfp_recursive_mutex
 *fill*         0x20004a06        0x2 
 .bss.__malloc_sbrk_start
                0x20004a08        0x4 c:/users/igorn/appdata/roaming/code/user/globalstorage/bmd.stm32-for-vscode/@xpack-dev-tools/arm-none-eabi-gcc/12.3.1-1.1.1/.content/bin/../lib/gcc/arm-none-eabi/12.3.1/../../../../arm-none-eabi/lib/thumb/v7e-m+fp/hard\libc_nano.a(libc_a-mallocr.o)
                0x20004a08                __malloc_sbrk_start
 .bss.__malloc_free_list
                0x20004a0c        0x4 c:/users/igorn/appdata/roaming/code/user/globalstorage/bmd.stm32-for-vscode/@xpack-dev-tools/arm-none-eabi-gcc/12.3.1-1.1.1/.content/bin/../lib/gcc/arm-none-eabi/12.3.1/../../../../arm-none-eabi/lib/thumb/v7e-m+fp/hard\libc_nano.a(libc_a-mallocr.o)
                0x20004a0c                __malloc_free_list
 .bss.heap_end.0
                0x20004a10        0x4 c:/users/igorn/appdata/roaming/code/user/globalstorage/bmd.stm32-for-vscode/@xpack-dev-tools/arm-none-eabi-gcc/12.3.1-1.1.1/.content/bin/../lib/gcc/arm-none-eabi/12.3.1/../../../../arm-none-eabi/lib/thumb/v7e-m+fp/hard\libnosys.a(sbrk.o)
 *(COMMON)
                0x20004a14                        . = ALIGN (0x4)
                0x20004a14                        _ebss = .
                0x20004a14                        __bss_end__ = _ebss

._user_heap_stack
                0x20004a14      0x604 load address 0x08008f08
                0x20004a18                        . = ALIGN (0x8)
 *fill*         0x20004a14        0x4 
                0x20004a18                        PROVIDE (end = .)
                [!provide]                        PROVIDE (_end = .)
                0x20004c18                        . = (. + _Min_Heap_Size)
 *fill*         0x20004a18      0x200 
                0x20005018                        . = (. + _Min_Stack_Size)
 *fill*         0x20004c18      0x400 
                0x20005018                        . = ALIGN (0x8)

/DISCARD/
 libc.a(*)
 libm.a(*)
 libgcc.a(*)

.ARM.attributes
                0x00000000       0x30
 *(.ARM.attributes)
 .ARM.attributes
                0x00000000       0x22 c:/users/igorn/appdata/roaming/code/user/globalstorage/bmd.stm32-for-vscode/@xpack-dev-tools/arm-none-eabi-gcc/12.3.1-1.1.1/.content/bin/../lib/gcc/arm-none-eabi/12.3.1/thumb/v7e-m+fp/hard/crti.o
 .ARM.attributes
                0x00000022       0x34 c:/users/igorn/appdata/roaming/code/user/globalstorage/bmd.stm32-for-vscode/@xpack-dev-tools/arm-none-eabi-gcc/12.3.1-1.1.1/.content/bin/../lib/gcc/arm-none-eabi/12.3.1/thumb/v7e-m+fp/hard/crtbegin.o
 .ARM.attributes
                0x00000056       0x34 build/debug/NOS_BaseColors.o
 .ARM.attributes
                0x0000008a       0x34 build/debug/NOS_Math.o
 .ARM.attributes
                0x000000be       0x34 build/debug/NOS_Strip_UART.o
 .ARM.attributes
                0x000000f2       0x34 build/debug/NOS_Time.o
 .ARM.attributes
                0x00000126       0x34 build/debug/NOS_UART.o
 .ARM.attributes
                0x0000015a       0x34 build/debug/NOS_WS2812B_Strip.o
 .ARM.attributes
                0x0000018e       0x34 build/debug/NOS_WS2812B_Strip_Effects.o
 .ARM.attributes
                0x000001c2       0x34 build/debug/WS2812B_Effects.o
 .ARM.attributes
                0x000001f6       0x34 build/debug/WS2812b_Core.o
 .ARM.attributes
                0x0000022a       0x34 build/debug/main.o
 .ARM.attributes
                0x0000025e       0x34 build/debug/stm32l4xx_hal.o
 .ARM.attributes
                0x00000292       0x34 build/debug/stm32l4xx_hal_cortex.o
 .ARM.attributes
                0x000002c6       0x34 build/debug/stm32l4xx_hal_dma.o
 .ARM.attributes
                0x000002fa       0x34 build/debug/stm32l4xx_hal_gpio.o
 .ARM.attributes
                0x0000032e       0x34 build/debug/stm32l4xx_hal_msp.o
 .ARM.attributes
                0x00000362       0x34 build/debug/stm32l4xx_hal_pwr_ex.o
 .ARM.attributes
                0x00000396       0x34 build/debug/stm32l4xx_hal_rcc.o
 .ARM.attributes
                0x000003ca       0x34 build/debug/stm32l4xx_hal_rcc_ex.o
 .ARM.attributes
                0x000003fe       0x34 build/debug/stm32l4xx_hal_spi.o
 .ARM.attributes
                0x00000432       0x34 build/debug/stm32l4xx_hal_tim.o
 .ARM.attributes
                0x00000466       0x34 build/debug/stm32l4xx_hal_tim_ex.o
 .ARM.attributes
                0x0000049a       0x34 build/debug/stm32l4xx_hal_uart.o
 .ARM.attributes
                0x000004ce       0x34 build/debug/stm32l4xx_hal_uart_ex.o
 .ARM.attributes
                0x00000502       0x34 build/debug/stm32l4xx_it.o
 .ARM.attributes
                0x00000536       0x34 build/debug/system_stm32l4xx.o
 .ARM.attributes
                0x0000056a       0x21 build/debug/startup_stm32l433xx.o
 .ARM.attributes
                0x0000058b       0x34 c:/users/igorn/appdata/roaming/code/user/globalstorage/bmd.stm32-for-vscode/@xpack-dev-tools/arm-none-eabi-gcc/12.3.1-1.1.1/.content/bin/../lib/gcc/arm-none-eabi/12.3.1/../../../../arm-none-eabi/lib/thumb/v7e-m+fp/hard\libc_nano.a(libc_a-rand.o)
 .ARM.attributes
                0x000005bf       0x34 c:/users/igorn/appdata/roaming/code/user/globalstorage/bmd.stm32-for-vscode/@xpack-dev-tools/arm-none-eabi-gcc/12.3.1-1.1.1/.content/bin/../lib/gcc/arm-none-eabi/12.3.1/../../../../arm-none-eabi/lib/thumb/v7e-m+fp/hard\libc_nano.a(libc_a-findfp.o)
 .ARM.attributes
                0x000005f3       0x34 c:/users/igorn/appdata/roaming/code/user/globalstorage/bmd.stm32-for-vscode/@xpack-dev-tools/arm-none-eabi-gcc/12.3.1-1.1.1/.content/bin/../lib/gcc/arm-none-eabi/12.3.1/../../../../arm-none-eabi/lib/thumb/v7e-m+fp/hard\libc_nano.a(libc_a-fwalk.o)
 .ARM.attributes
                0x00000627       0x34 c:/users/igorn/appdata/roaming/code/user/globalstorage/bmd.stm32-for-vscode/@xpack-dev-tools/arm-none-eabi-gcc/12.3.1-1.1.1/.content/bin/../lib/gcc/arm-none-eabi/12.3.1/../../../../arm-none-eabi/lib/thumb/v7e-m+fp/hard\libc_nano.a(libc_a-stdio.o)
 .ARM.attributes
                0x0000065b       0x34 c:/users/igorn/appdata/roaming/code/user/globalstorage/bmd.stm32-for-vscode/@xpack-dev-tools/arm-none-eabi-gcc/12.3.1-1.1.1/.content/bin/../lib/gcc/arm-none-eabi/12.3.1/../../../../arm-none-eabi/lib/thumb/v7e-m+fp/hard\libc_nano.a(libc_a-memset.o)
 .ARM.attributes
                0x0000068f       0x34 c:/users/igorn/appdata/roaming/code/user/globalstorage/bmd.stm32-for-vscode/@xpack-dev-tools/arm-none-eabi-gcc/12.3.1-1.1.1/.content/bin/../lib/gcc/arm-none-eabi/12.3.1/../../../../arm-none-eabi/lib/thumb/v7e-m+fp/hard\libc_nano.a(libc_a-closer.o)
 .ARM.attributes
                0x000006c3       0x34 c:/users/igorn/appdata/roaming/code/user/globalstorage/bmd.stm32-for-vscode/@xpack-dev-tools/arm-none-eabi-gcc/12.3.1-1.1.1/.content/bin/../lib/gcc/arm-none-eabi/12.3.1/../../../../arm-none-eabi/lib/thumb/v7e-m+fp/hard\libc_nano.a(libc_a-reent.o)
 .ARM.attributes
                0x000006f7       0x34 c:/users/igorn/appdata/roaming/code/user/globalstorage/bmd.stm32-for-vscode/@xpack-dev-tools/arm-none-eabi-gcc/12.3.1-1.1.1/.content/bin/../lib/gcc/arm-none-eabi/12.3.1/../../../../arm-none-eabi/lib/thumb/v7e-m+fp/hard\libc_nano.a(libc_a-impure.o)
 .ARM.attributes
                0x0000072b       0x34 c:/users/igorn/appdata/roaming/code/user/globalstorage/bmd.stm32-for-vscode/@xpack-dev-tools/arm-none-eabi-gcc/12.3.1-1.1.1/.content/bin/../lib/gcc/arm-none-eabi/12.3.1/../../../../arm-none-eabi/lib/thumb/v7e-m+fp/hard\libc_nano.a(libc_a-lseekr.o)
 .ARM.attributes
                0x0000075f       0x34 c:/users/igorn/appdata/roaming/code/user/globalstorage/bmd.stm32-for-vscode/@xpack-dev-tools/arm-none-eabi-gcc/12.3.1-1.1.1/.content/bin/../lib/gcc/arm-none-eabi/12.3.1/../../../../arm-none-eabi/lib/thumb/v7e-m+fp/hard\libc_nano.a(libc_a-readr.o)
 .ARM.attributes
                0x00000793       0x34 c:/users/igorn/appdata/roaming/code/user/globalstorage/bmd.stm32-for-vscode/@xpack-dev-tools/arm-none-eabi-gcc/12.3.1-1.1.1/.content/bin/../lib/gcc/arm-none-eabi/12.3.1/../../../../arm-none-eabi/lib/thumb/v7e-m+fp/hard\libc_nano.a(libc_a-writer.o)
 .ARM.attributes
                0x000007c7       0x34 c:/users/igorn/appdata/roaming/code/user/globalstorage/bmd.stm32-for-vscode/@xpack-dev-tools/arm-none-eabi-gcc/12.3.1-1.1.1/.content/bin/../lib/gcc/arm-none-eabi/12.3.1/../../../../arm-none-eabi/lib/thumb/v7e-m+fp/hard\libc_nano.a(libc_a-init.o)
 .ARM.attributes
                0x000007fb       0x34 c:/users/igorn/appdata/roaming/code/user/globalstorage/bmd.stm32-for-vscode/@xpack-dev-tools/arm-none-eabi-gcc/12.3.1-1.1.1/.content/bin/../lib/gcc/arm-none-eabi/12.3.1/../../../../arm-none-eabi/lib/thumb/v7e-m+fp/hard\libc_nano.a(libc_a-lock.o)
 .ARM.attributes
                0x0000082f       0x34 c:/users/igorn/appdata/roaming/code/user/globalstorage/bmd.stm32-for-vscode/@xpack-dev-tools/arm-none-eabi-gcc/12.3.1-1.1.1/.content/bin/../lib/gcc/arm-none-eabi/12.3.1/../../../../arm-none-eabi/lib/thumb/v7e-m+fp/hard\libc_nano.a(libc_a-assert.o)
 .ARM.attributes
                0x00000863       0x34 c:/users/igorn/appdata/roaming/code/user/globalstorage/bmd.stm32-for-vscode/@xpack-dev-tools/arm-none-eabi-gcc/12.3.1-1.1.1/.content/bin/../lib/gcc/arm-none-eabi/12.3.1/../../../../arm-none-eabi/lib/thumb/v7e-m+fp/hard\libc_nano.a(libc_a-freer.o)
 .ARM.attributes
                0x00000897       0x34 c:/users/igorn/appdata/roaming/code/user/globalstorage/bmd.stm32-for-vscode/@xpack-dev-tools/arm-none-eabi-gcc/12.3.1-1.1.1/.content/bin/../lib/gcc/arm-none-eabi/12.3.1/../../../../arm-none-eabi/lib/thumb/v7e-m+fp/hard\libc_nano.a(libc_a-malloc.o)
 .ARM.attributes
                0x000008cb       0x34 c:/users/igorn/appdata/roaming/code/user/globalstorage/bmd.stm32-for-vscode/@xpack-dev-tools/arm-none-eabi-gcc/12.3.1-1.1.1/.content/bin/../lib/gcc/arm-none-eabi/12.3.1/../../../../arm-none-eabi/lib/thumb/v7e-m+fp/hard\libc_nano.a(libc_a-mallocr.o)
 .ARM.attributes
                0x000008ff       0x34 c:/users/igorn/appdata/roaming/code/user/globalstorage/bmd.stm32-for-vscode/@xpack-dev-tools/arm-none-eabi-gcc/12.3.1-1.1.1/.content/bin/../lib/gcc/arm-none-eabi/12.3.1/../../../../arm-none-eabi/lib/thumb/v7e-m+fp/hard\libc_nano.a(libc_a-mlock.o)
 .ARM.attributes
                0x00000933       0x34 c:/users/igorn/appdata/roaming/code/user/globalstorage/bmd.stm32-for-vscode/@xpack-dev-tools/arm-none-eabi-gcc/12.3.1-1.1.1/.content/bin/../lib/gcc/arm-none-eabi/12.3.1/../../../../arm-none-eabi/lib/thumb/v7e-m+fp/hard\libc_nano.a(libc_a-fflush.o)
 .ARM.attributes
                0x00000967       0x34 c:/users/igorn/appdata/roaming/code/user/globalstorage/bmd.stm32-for-vscode/@xpack-dev-tools/arm-none-eabi-gcc/12.3.1-1.1.1/.content/bin/../lib/gcc/arm-none-eabi/12.3.1/../../../../arm-none-eabi/lib/thumb/v7e-m+fp/hard\libc_nano.a(libc_a-fprintf.o)
 .ARM.attributes
                0x0000099b       0x34 c:/users/igorn/appdata/roaming/code/user/globalstorage/bmd.stm32-for-vscode/@xpack-dev-tools/arm-none-eabi-gcc/12.3.1-1.1.1/.content/bin/../lib/gcc/arm-none-eabi/12.3.1/../../../../arm-none-eabi/lib/thumb/v7e-m+fp/hard\libc_nano.a(libc_a-sbrkr.o)
 .ARM.attributes
                0x000009cf       0x34 c:/users/igorn/appdata/roaming/code/user/globalstorage/bmd.stm32-for-vscode/@xpack-dev-tools/arm-none-eabi-gcc/12.3.1-1.1.1/.content/bin/../lib/gcc/arm-none-eabi/12.3.1/../../../../arm-none-eabi/lib/thumb/v7e-m+fp/hard\libc_nano.a(libc_a-abort.o)
 .ARM.attributes
                0x00000a03       0x34 c:/users/igorn/appdata/roaming/code/user/globalstorage/bmd.stm32-for-vscode/@xpack-dev-tools/arm-none-eabi-gcc/12.3.1-1.1.1/.content/bin/../lib/gcc/arm-none-eabi/12.3.1/../../../../arm-none-eabi/lib/thumb/v7e-m+fp/hard\libc_nano.a(libc_a-nano-vfprintf.o)
 .ARM.attributes
                0x00000a37       0x34 c:/users/igorn/appdata/roaming/code/user/globalstorage/bmd.stm32-for-vscode/@xpack-dev-tools/arm-none-eabi-gcc/12.3.1-1.1.1/.content/bin/../lib/gcc/arm-none-eabi/12.3.1/../../../../arm-none-eabi/lib/thumb/v7e-m+fp/hard\libc_nano.a(libc_a-nano-vfprintf_i.o)
 .ARM.attributes
                0x00000a6b       0x34 c:/users/igorn/appdata/roaming/code/user/globalstorage/bmd.stm32-for-vscode/@xpack-dev-tools/arm-none-eabi-gcc/12.3.1-1.1.1/.content/bin/../lib/gcc/arm-none-eabi/12.3.1/../../../../arm-none-eabi/lib/thumb/v7e-m+fp/hard\libc_nano.a(libc_a-wbuf.o)
 .ARM.attributes
                0x00000a9f       0x34 c:/users/igorn/appdata/roaming/code/user/globalstorage/bmd.stm32-for-vscode/@xpack-dev-tools/arm-none-eabi-gcc/12.3.1-1.1.1/.content/bin/../lib/gcc/arm-none-eabi/12.3.1/../../../../arm-none-eabi/lib/thumb/v7e-m+fp/hard\libc_nano.a(libc_a-wsetup.o)
 .ARM.attributes
                0x00000ad3       0x34 c:/users/igorn/appdata/roaming/code/user/globalstorage/bmd.stm32-for-vscode/@xpack-dev-tools/arm-none-eabi-gcc/12.3.1-1.1.1/.content/bin/../lib/gcc/arm-none-eabi/12.3.1/../../../../arm-none-eabi/lib/thumb/v7e-m+fp/hard\libc_nano.a(libc_a-signal.o)
 .ARM.attributes
                0x00000b07       0x34 c:/users/igorn/appdata/roaming/code/user/globalstorage/bmd.stm32-for-vscode/@xpack-dev-tools/arm-none-eabi-gcc/12.3.1-1.1.1/.content/bin/../lib/gcc/arm-none-eabi/12.3.1/../../../../arm-none-eabi/lib/thumb/v7e-m+fp/hard\libc_nano.a(libc_a-signalr.o)
 .ARM.attributes